Python path configuration:
  PYTHONHOME = (not set)
  PYTHONPATH = (not set)
  program name = 'python3'
  isolated = 0
  environment = 1
  user site = 1
  safe_path = 0
  import site = 1
  is in build tree = 0
  stdlib dir = '/Users/mervebilgin/anaconda3/lib/python3.11'
  sys._base_executable = '/Users/mervebilgin/anaconda3/bin/python3'
  sys.base_prefix = '/Users/mervebilgin/anaconda3'
  sys.base_exec_prefix = '/Users/mervebilgin/anaconda3'
  sys.platlibdir = 'lib'
  sys.executable = '/Users/mervebilgin/anaconda3/bin/python3'
  sys.prefix = '/Users/mervebilgin/anaconda3'
  sys.exec_prefix = '/Users/mervebilgin/anaconda3'
  sys.path = [
    '/Users/mervebilgin/anaconda3/lib/python311.zip',
    '/Users/mervebilgin/anaconda3/lib/python3.11',
    '/Users/mervebilgin/anaconda3/lib/python3.11/lib-dynload',
  ]
Fatal Python error: init_fs_encoding: failed to get the Python codec of the filesystem encoding
Python runtime state: core initialized
ModuleNotFoundError: No module named 'encodings'

Current thread 0x000000020758b100 (most recent call first):
  <no Python frame>
