#0 building with "desktop-linux" instance using docker driver

#1 [api internal] load build definition from Dockerfile
#1 transferring dockerfile: 1.22kB done
#1 DONE 0.0s

#2 [api internal] load metadata for mcr.microsoft.com/dotnet/aspnet:8.0
#2 ...

#3 [api internal] load metadata for mcr.microsoft.com/dotnet/sdk:8.0
#3 DONE 1.0s

#2 [api internal] load metadata for mcr.microsoft.com/dotnet/aspnet:8.0
#2 DONE 1.0s

#4 [api internal] load .dockerignore
#4 transferring context: 404B done
#4 DONE 0.0s

#5 [api internal] load build context
#5 transferring context: 349.26kB 0.0s done
#5 DONE 0.0s

#6 [api runtime 1/3] FROM mcr.microsoft.com/dotnet/aspnet:8.0@sha256:b0beb9cc1dee1c1b0749796110d4734292071b814207ad0d4f40611f7db04f7b
#6 resolve mcr.microsoft.com/dotnet/aspnet:8.0@sha256:b0beb9cc1dee1c1b0749796110d4734292071b814207ad0d4f40611f7db04f7b done
#6 sha256:0783df132d58071de79c9a3cf0b537fb69450d4e2a2dea3836367542f30f2557 1.58kB / 1.58kB done
#6 sha256:b480c28c8f423fe5c40dda10a31901d8956c1d9ef410c37e6608654c0f040295 2.54kB / 2.54kB done
#6 sha256:d9bf53b551d6789369884b2077987d95b3f9a945d985fd944e2cc0a7977dd471 0B / 3.33kB 0.1s
#6 sha256:b0beb9cc1dee1c1b0749796110d4734292071b814207ad0d4f40611f7db04f7b 1.08kB / 1.08kB done
#6 sha256:0f5d7465a5bb9d419f60c93d126a161286c73a1ede4a8b2e46bd5e7ad5782cc7 0B / 28.12MB 0.1s
#6 sha256:7726ddc158da39be0a9aaeea045eb99570f0f12b291165495b1ed88c7828abc8 0B / 18.54MB 0.1s
#6 sha256:d9bf53b551d6789369884b2077987d95b3f9a945d985fd944e2cc0a7977dd471 3.33kB / 3.33kB 0.3s done
#6 sha256:7726ddc158da39be0a9aaeea045eb99570f0f12b291165495b1ed88c7828abc8 1.05MB / 18.54MB 0.5s
#6 sha256:b779be72353204a5925f099f64d12862c145818f03089a33f0bee2a8a1228e43 0B / 30.84MB 0.5s
#6 sha256:7726ddc158da39be0a9aaeea045eb99570f0f12b291165495b1ed88c7828abc8 4.19MB / 18.54MB 0.7s
#6 sha256:0f5d7465a5bb9d419f60c93d126a161286c73a1ede4a8b2e46bd5e7ad5782cc7 3.15MB / 28.12MB 0.9s
#6 sha256:7726ddc158da39be0a9aaeea045eb99570f0f12b291165495b1ed88c7828abc8 8.39MB / 18.54MB 0.9s
#6 sha256:7726ddc158da39be0a9aaeea045eb99570f0f12b291165495b1ed88c7828abc8 10.49MB / 18.54MB 1.1s
#6 sha256:b779be72353204a5925f099f64d12862c145818f03089a33f0bee2a8a1228e43 2.10MB / 30.84MB 1.1s
#6 sha256:0f5d7465a5bb9d419f60c93d126a161286c73a1ede4a8b2e46bd5e7ad5782cc7 6.29MB / 28.12MB 1.4s
#6 sha256:7726ddc158da39be0a9aaeea045eb99570f0f12b291165495b1ed88c7828abc8 11.53MB / 18.54MB 1.7s
#6 sha256:b779be72353204a5925f099f64d12862c145818f03089a33f0bee2a8a1228e43 4.19MB / 30.84MB 1.8s
#6 sha256:0f5d7465a5bb9d419f60c93d126a161286c73a1ede4a8b2e46bd5e7ad5782cc7 9.44MB / 28.12MB 2.1s
#6 sha256:7726ddc158da39be0a9aaeea045eb99570f0f12b291165495b1ed88c7828abc8 14.68MB / 18.54MB 2.1s
#6 sha256:7726ddc158da39be0a9aaeea045eb99570f0f12b291165495b1ed88c7828abc8 15.73MB / 18.54MB 2.3s
#6 sha256:7726ddc158da39be0a9aaeea045eb99570f0f12b291165495b1ed88c7828abc8 16.78MB / 18.54MB 2.4s
#6 sha256:0f5d7465a5bb9d419f60c93d126a161286c73a1ede4a8b2e46bd5e7ad5782cc7 11.53MB / 28.12MB 2.8s
#6 sha256:7726ddc158da39be0a9aaeea045eb99570f0f12b291165495b1ed88c7828abc8 18.54MB / 18.54MB 2.6s
#6 sha256:ce14c22e2b09daafa4fb461e71667f25c14608038bc368570409d15a9d3d3f12 164B / 164B 2.8s
#6 sha256:ce14c22e2b09daafa4fb461e71667f25c14608038bc368570409d15a9d3d3f12 164B / 164B 2.8s done
#6 sha256:740471f7016203926dd5301588cd988b3cf7d75ad0faf77d0ea275a92a948b4f 0B / 10.77MB 2.9s
#6 sha256:b779be72353204a5925f099f64d12862c145818f03089a33f0bee2a8a1228e43 6.29MB / 30.84MB 3.1s
#6 sha256:740471f7016203926dd5301588cd988b3cf7d75ad0faf77d0ea275a92a948b4f 1.05MB / 10.77MB 3.1s
#6 sha256:740471f7016203926dd5301588cd988b3cf7d75ad0faf77d0ea275a92a948b4f 2.10MB / 10.77MB 3.3s
#6 sha256:740471f7016203926dd5301588cd988b3cf7d75ad0faf77d0ea275a92a948b4f 3.15MB / 10.77MB 3.5s
#6 sha256:0f5d7465a5bb9d419f60c93d126a161286c73a1ede4a8b2e46bd5e7ad5782cc7 13.63MB / 28.12MB 3.8s
#6 sha256:740471f7016203926dd5301588cd988b3cf7d75ad0faf77d0ea275a92a948b4f 5.24MB / 10.77MB 3.8s
#6 sha256:740471f7016203926dd5301588cd988b3cf7d75ad0faf77d0ea275a92a948b4f 6.29MB / 10.77MB 4.0s
#6 sha256:740471f7016203926dd5301588cd988b3cf7d75ad0faf77d0ea275a92a948b4f 7.34MB / 10.77MB 4.1s
#6 sha256:740471f7016203926dd5301588cd988b3cf7d75ad0faf77d0ea275a92a948b4f 8.39MB / 10.77MB 4.3s
#6 sha256:740471f7016203926dd5301588cd988b3cf7d75ad0faf77d0ea275a92a948b4f 9.44MB / 10.77MB 4.4s
#6 sha256:b779be72353204a5925f099f64d12862c145818f03089a33f0bee2a8a1228e43 8.39MB / 30.84MB 4.6s
#6 sha256:740471f7016203926dd5301588cd988b3cf7d75ad0faf77d0ea275a92a948b4f 10.77MB / 10.77MB 4.6s done
#6 sha256:0f5d7465a5bb9d419f60c93d126a161286c73a1ede4a8b2e46bd5e7ad5782cc7 15.73MB / 28.12MB 4.8s
#6 sha256:0f5d7465a5bb9d419f60c93d126a161286c73a1ede4a8b2e46bd5e7ad5782cc7 17.83MB / 28.12MB 5.1s
#6 sha256:b779be72353204a5925f099f64d12862c145818f03089a33f0bee2a8a1228e43 10.49MB / 30.84MB 5.5s
#6 sha256:0f5d7465a5bb9d419f60c93d126a161286c73a1ede4a8b2e46bd5e7ad5782cc7 19.92MB / 28.12MB 6.0s
#6 sha256:b779be72353204a5925f099f64d12862c145818f03089a33f0bee2a8a1228e43 12.58MB / 30.84MB 6.2s
#6 sha256:0f5d7465a5bb9d419f60c93d126a161286c73a1ede4a8b2e46bd5e7ad5782cc7 22.02MB / 28.12MB 6.4s
#6 sha256:0f5d7465a5bb9d419f60c93d126a161286c73a1ede4a8b2e46bd5e7ad5782cc7 24.12MB / 28.12MB 6.8s
#6 sha256:b779be72353204a5925f099f64d12862c145818f03089a33f0bee2a8a1228e43 14.68MB / 30.84MB 6.9s
#6 sha256:0f5d7465a5bb9d419f60c93d126a161286c73a1ede4a8b2e46bd5e7ad5782cc7 26.21MB / 28.12MB 7.4s
#6 sha256:b779be72353204a5925f099f64d12862c145818f03089a33f0bee2a8a1228e43 16.78MB / 30.84MB 7.6s
#6 sha256:0f5d7465a5bb9d419f60c93d126a161286c73a1ede4a8b2e46bd5e7ad5782cc7 28.12MB / 28.12MB 7.7s done
#6 sha256:b779be72353204a5925f099f64d12862c145818f03089a33f0bee2a8a1228e43 18.87MB / 30.84MB 8.0s
#6 extracting sha256:0f5d7465a5bb9d419f60c93d126a161286c73a1ede4a8b2e46bd5e7ad5782cc7 0.2s
#6 ...

#7 [api build  1/10] FROM mcr.microsoft.com/dotnet/sdk:8.0@sha256:306301580fcaa5b445180e759db59309979002d1000669cb4cf58a567d0014bc
#7 resolve mcr.microsoft.com/dotnet/sdk:8.0@sha256:306301580fcaa5b445180e759db59309979002d1000669cb4cf58a567d0014bc done
#7 sha256:de675e92816c9781a179b3126f7e32078c86fd17053b9d6007fadf22b7da9f41 5.32kB / 5.32kB done
#7 sha256:306301580fcaa5b445180e759db59309979002d1000669cb4cf58a567d0014bc 1.08kB / 1.08kB done
#7 sha256:ec0e481f07aafb99808c1d10104bac493be85010b18f592cf65c0956ad8dbcfd 2.42kB / 2.42kB done
#7 sha256:7726ddc158da39be0a9aaeea045eb99570f0f12b291165495b1ed88c7828abc8 18.54MB / 18.54MB 2.6s done
#7 sha256:d9bf53b551d6789369884b2077987d95b3f9a945d985fd944e2cc0a7977dd471 3.33kB / 3.33kB 0.4s done
#7 sha256:b779be72353204a5925f099f64d12862c145818f03089a33f0bee2a8a1228e43 20.97MB / 30.84MB 8.5s
#7 sha256:ce14c22e2b09daafa4fb461e71667f25c14608038bc368570409d15a9d3d3f12 164B / 164B 2.8s done
#7 sha256:0be169f5eebdc51e6baf68fd98293bcbbbf48713194c17aeeda638f246083689 28.31MB / 31.37MB 8.5s
#7 sha256:e37addb6a0acf4b6fb36e3bc3834ff1cf850e0fcd71ce734a718a7b77f3cfdc1 3.15MB / 174.56MB 8.5s
#7 extracting sha256:0f5d7465a5bb9d419f60c93d126a161286c73a1ede4a8b2e46bd5e7ad5782cc7 0.9s done
#7 sha256:0be169f5eebdc51e6baf68fd98293bcbbbf48713194c17aeeda638f246083689 31.37MB / 31.37MB 8.7s
#7 extracting sha256:7726ddc158da39be0a9aaeea045eb99570f0f12b291165495b1ed88c7828abc8 0.1s
#7 sha256:0be169f5eebdc51e6baf68fd98293bcbbbf48713194c17aeeda638f246083689 31.37MB / 31.37MB 8.7s done
#7 extracting sha256:7726ddc158da39be0a9aaeea045eb99570f0f12b291165495b1ed88c7828abc8 0.2s done
#7 sha256:f7d3081db03fcc101a8faaf06e78856182f84efb06133d30380fd45afaacba4a 0B / 2.70kB 8.8s
#7 sha256:b779be72353204a5925f099f64d12862c145818f03089a33f0bee2a8a1228e43 23.07MB / 30.84MB 9.0s
#7 sha256:f7d3081db03fcc101a8faaf06e78856182f84efb06133d30380fd45afaacba4a 2.70kB / 2.70kB 8.8s done
#7 extracting sha256:d9bf53b551d6789369884b2077987d95b3f9a945d985fd944e2cc0a7977dd471 done
#7 sha256:bd8f133ad8dcab7c010ab21a61a81929bca88ccb8e004118de8067a95dab74c7 0B / 17.04MB 9.0s
#7 sha256:bd8f133ad8dcab7c010ab21a61a81929bca88ccb8e004118de8067a95dab74c7 1.05MB / 17.04MB 9.2s
#7 sha256:bd8f133ad8dcab7c010ab21a61a81929bca88ccb8e004118de8067a95dab74c7 2.10MB / 17.04MB 9.4s
#7 sha256:b779be72353204a5925f099f64d12862c145818f03089a33f0bee2a8a1228e43 25.17MB / 30.84MB 9.6s
#7 sha256:bd8f133ad8dcab7c010ab21a61a81929bca88ccb8e004118de8067a95dab74c7 3.15MB / 17.04MB 9.6s
#7 sha256:bd8f133ad8dcab7c010ab21a61a81929bca88ccb8e004118de8067a95dab74c7 4.19MB / 17.04MB 9.8s
#7 sha256:bd8f133ad8dcab7c010ab21a61a81929bca88ccb8e004118de8067a95dab74c7 5.24MB / 17.04MB 9.9s
#7 sha256:b779be72353204a5925f099f64d12862c145818f03089a33f0bee2a8a1228e43 27.26MB / 30.84MB 10.1s
#7 sha256:bd8f133ad8dcab7c010ab21a61a81929bca88ccb8e004118de8067a95dab74c7 6.29MB / 17.04MB 10.3s
#7 sha256:bd8f133ad8dcab7c010ab21a61a81929bca88ccb8e004118de8067a95dab74c7 7.34MB / 17.04MB 10.5s
#7 sha256:b779be72353204a5925f099f64d12862c145818f03089a33f0bee2a8a1228e43 29.36MB / 30.84MB 10.7s
#7 sha256:bd8f133ad8dcab7c010ab21a61a81929bca88ccb8e004118de8067a95dab74c7 8.39MB / 17.04MB 10.7s
#7 sha256:bd8f133ad8dcab7c010ab21a61a81929bca88ccb8e004118de8067a95dab74c7 9.44MB / 17.04MB 10.9s
#7 sha256:b779be72353204a5925f099f64d12862c145818f03089a33f0bee2a8a1228e43 30.84MB / 30.84MB 10.9s done
#7 sha256:e37addb6a0acf4b6fb36e3bc3834ff1cf850e0fcd71ce734a718a7b77f3cfdc1 12.58MB / 174.56MB 11.0s
#7 sha256:bd8f133ad8dcab7c010ab21a61a81929bca88ccb8e004118de8067a95dab74c7 10.49MB / 17.04MB 11.0s
#7 extracting sha256:b779be72353204a5925f099f64d12862c145818f03089a33f0bee2a8a1228e43 0.1s
#7 sha256:bd8f133ad8dcab7c010ab21a61a81929bca88ccb8e004118de8067a95dab74c7 11.53MB / 17.04MB 11.3s
#7 extracting sha256:b779be72353204a5925f099f64d12862c145818f03089a33f0bee2a8a1228e43 0.3s done
#7 extracting sha256:ce14c22e2b09daafa4fb461e71667f25c14608038bc368570409d15a9d3d3f12
#7 extracting sha256:740471f7016203926dd5301588cd988b3cf7d75ad0faf77d0ea275a92a948b4f
#7 ...

#6 [api runtime 1/3] FROM mcr.microsoft.com/dotnet/aspnet:8.0@sha256:b0beb9cc1dee1c1b0749796110d4734292071b814207ad0d4f40611f7db04f7b
#6 sha256:b779be72353204a5925f099f64d12862c145818f03089a33f0bee2a8a1228e43 30.84MB / 30.84MB 10.9s done
#6 extracting sha256:ce14c22e2b09daafa4fb461e71667f25c14608038bc368570409d15a9d3d3f12 done
#6 DONE 11.4s

#7 [api build  1/10] FROM mcr.microsoft.com/dotnet/sdk:8.0@sha256:306301580fcaa5b445180e759db59309979002d1000669cb4cf58a567d0014bc
#7 extracting sha256:740471f7016203926dd5301588cd988b3cf7d75ad0faf77d0ea275a92a948b4f 0.1s done
#7 extracting sha256:0be169f5eebdc51e6baf68fd98293bcbbbf48713194c17aeeda638f246083689 0.1s
#7 ...

#8 [api runtime 2/3] WORKDIR /app
#8 DONE 0.3s

#7 [api build  1/10] FROM mcr.microsoft.com/dotnet/sdk:8.0@sha256:306301580fcaa5b445180e759db59309979002d1000669cb4cf58a567d0014bc
#7 sha256:bd8f133ad8dcab7c010ab21a61a81929bca88ccb8e004118de8067a95dab74c7 13.63MB / 17.04MB 11.8s
#7 sha256:bd8f133ad8dcab7c010ab21a61a81929bca88ccb8e004118de8067a95dab74c7 14.68MB / 17.04MB 11.9s
#7 sha256:bd8f133ad8dcab7c010ab21a61a81929bca88ccb8e004118de8067a95dab74c7 15.73MB / 17.04MB 12.2s
#7 extracting sha256:0be169f5eebdc51e6baf68fd98293bcbbbf48713194c17aeeda638f246083689 0.7s done
#7 sha256:bd8f133ad8dcab7c010ab21a61a81929bca88ccb8e004118de8067a95dab74c7 16.78MB / 17.04MB 12.3s
#7 sha256:bd8f133ad8dcab7c010ab21a61a81929bca88ccb8e004118de8067a95dab74c7 17.04MB / 17.04MB 12.3s done
#7 sha256:e37addb6a0acf4b6fb36e3bc3834ff1cf850e0fcd71ce734a718a7b77f3cfdc1 22.02MB / 174.56MB 13.3s
#7 sha256:e37addb6a0acf4b6fb36e3bc3834ff1cf850e0fcd71ce734a718a7b77f3cfdc1 31.46MB / 174.56MB 15.1s
#7 sha256:e37addb6a0acf4b6fb36e3bc3834ff1cf850e0fcd71ce734a718a7b77f3cfdc1 40.89MB / 174.56MB 16.6s
#7 sha256:e37addb6a0acf4b6fb36e3bc3834ff1cf850e0fcd71ce734a718a7b77f3cfdc1 50.33MB / 174.56MB 18.0s
#7 sha256:e37addb6a0acf4b6fb36e3bc3834ff1cf850e0fcd71ce734a718a7b77f3cfdc1 59.77MB / 174.56MB 19.3s
#7 sha256:e37addb6a0acf4b6fb36e3bc3834ff1cf850e0fcd71ce734a718a7b77f3cfdc1 70.25MB / 174.56MB 20.4s
#7 sha256:e37addb6a0acf4b6fb36e3bc3834ff1cf850e0fcd71ce734a718a7b77f3cfdc1 79.69MB / 174.56MB 21.5s
#7 sha256:e37addb6a0acf4b6fb36e3bc3834ff1cf850e0fcd71ce734a718a7b77f3cfdc1 90.18MB / 174.56MB 22.6s
#7 sha256:e37addb6a0acf4b6fb36e3bc3834ff1cf850e0fcd71ce734a718a7b77f3cfdc1 99.61MB / 174.56MB 23.4s
#7 sha256:e37addb6a0acf4b6fb36e3bc3834ff1cf850e0fcd71ce734a718a7b77f3cfdc1 109.05MB / 174.56MB 24.1s
#7 sha256:e37addb6a0acf4b6fb36e3bc3834ff1cf850e0fcd71ce734a718a7b77f3cfdc1 120.59MB / 174.56MB 24.9s
#7 sha256:e37addb6a0acf4b6fb36e3bc3834ff1cf850e0fcd71ce734a718a7b77f3cfdc1 130.02MB / 174.56MB 25.4s
#7 sha256:e37addb6a0acf4b6fb36e3bc3834ff1cf850e0fcd71ce734a718a7b77f3cfdc1 139.46MB / 174.56MB 25.9s
#7 sha256:e37addb6a0acf4b6fb36e3bc3834ff1cf850e0fcd71ce734a718a7b77f3cfdc1 149.95MB / 174.56MB 26.5s
#7 sha256:e37addb6a0acf4b6fb36e3bc3834ff1cf850e0fcd71ce734a718a7b77f3cfdc1 160.43MB / 174.56MB 27.5s
#7 sha256:e37addb6a0acf4b6fb36e3bc3834ff1cf850e0fcd71ce734a718a7b77f3cfdc1 170.92MB / 174.56MB 28.4s
#7 extracting sha256:e37addb6a0acf4b6fb36e3bc3834ff1cf850e0fcd71ce734a718a7b77f3cfdc1
#7 sha256:e37addb6a0acf4b6fb36e3bc3834ff1cf850e0fcd71ce734a718a7b77f3cfdc1 174.56MB / 174.56MB 28.8s done
#7 extracting sha256:e37addb6a0acf4b6fb36e3bc3834ff1cf850e0fcd71ce734a718a7b77f3cfdc1 2.5s done
#7 extracting sha256:f7d3081db03fcc101a8faaf06e78856182f84efb06133d30380fd45afaacba4a done
#7 extracting sha256:bd8f133ad8dcab7c010ab21a61a81929bca88ccb8e004118de8067a95dab74c7 0.1s
#7 extracting sha256:bd8f133ad8dcab7c010ab21a61a81929bca88ccb8e004118de8067a95dab74c7 0.3s done
#7 DONE 31.9s

#9 [api build  2/10] WORKDIR /src
#9 DONE 0.4s

#10 [api build  3/10] COPY backend/dotnet/src/BCSMS.Domain/BCSMS.Domain.csproj backend/dotnet/src/BCSMS.Domain/
#10 DONE 0.0s

#11 [api build  4/10] COPY backend/dotnet/src/BCSMS.Application/BCSMS.Application.csproj backend/dotnet/src/BCSMS.Application/
#11 DONE 0.0s

#12 [api build  5/10] COPY backend/dotnet/src/BCSMS.Infrastructure/BCSMS.Infrastructure.csproj backend/dotnet/src/BCSMS.Infrastructure/
#12 DONE 0.0s

#13 [api build  6/10] COPY backend/dotnet/src/BCSMS.API/BCSMS.API.csproj backend/dotnet/src/BCSMS.API/
#13 DONE 0.0s

#14 [api build  7/10] RUN dotnet restore backend/dotnet/src/BCSMS.API/BCSMS.API.csproj
#14 0.517   Determining projects to restore...
#14 1.078   Restored /src/backend/dotnet/src/BCSMS.Domain/BCSMS.Domain.csproj (in 48 ms).
#14 2.665   Restored /src/backend/dotnet/src/BCSMS.Application/BCSMS.Application.csproj (in 1.63 sec).
#14 13.55   Restored /src/backend/dotnet/src/BCSMS.API/BCSMS.API.csproj (in 12.5 sec).
#14 13.55   Restored /src/backend/dotnet/src/BCSMS.Infrastructure/BCSMS.Infrastructure.csproj (in 12.5 sec).
#14 DONE 13.8s

#15 [api build  8/10] COPY backend/dotnet/src/ backend/dotnet/src/
#15 DONE 0.0s

#16 [api build  9/10] WORKDIR /src/backend/dotnet/src/BCSMS.API
#16 DONE 0.0s

#17 [api build 10/10] RUN dotnet publish BCSMS.API.csproj -c Release -o /app/publish --no-restore
#17 2.149   BCSMS.Domain -> /src/backend/dotnet/src/BCSMS.Domain/bin/Release/net8.0/BCSMS.Domain.dll
#17 2.410   BCSMS.Application -> /src/backend/dotnet/src/BCSMS.Application/bin/Release/net8.0/BCSMS.Application.dll
#17 3.240   BCSMS.Infrastructure -> /src/backend/dotnet/src/BCSMS.Infrastructure/bin/Release/net8.0/BCSMS.Infrastructure.dll
#17 4.265   BCSMS.API -> /src/backend/dotnet/src/BCSMS.API/bin/Release/net8.0/BCSMS.API.dll
#17 4.669   BCSMS.API -> /app/publish/
#17 DONE 4.8s

#18 [api runtime 3/3] COPY --from=build /app/publish .
#18 DONE 0.1s

#19 [api] exporting to image
#19 exporting layers 0.1s done
#19 writing image sha256:5eafdd8ddd04406d60655b46b0816261ffb696e8cd0eb94a47a04f471739d12b done
#19 naming to docker.io/library/bursacityservicemanagement-api done
#19 DONE 0.1s

#20 [api] resolving provenance for metadata file
#20 DONE 0.0s

#21 [web internal] load build definition from Dockerfile
#21 transferring dockerfile: 816B done
#21 DONE 0.0s

#22 [web internal] load metadata for docker.io/library/node:20-alpine
#22 ...

#23 [web internal] load metadata for docker.io/library/nginx:1.27-alpine
#23 ...

#22 [web internal] load metadata for docker.io/library/node:20-alpine
#22 DONE 2469.4s

#23 [web internal] load metadata for docker.io/library/nginx:1.27-alpine
#23 DONE 2469.5s

#24 [web internal] load .dockerignore
#24 transferring context: 404B done
#24 DONE 0.0s

#25 [web internal] load build context
#25 transferring context: 340.10kB 0.0s done
#25 DONE 0.0s

#26 [web build 1/6] FROM docker.io/library/node:20-alpine@sha256:fb4cd12c85ee03686f6af5362a0b0d56d50c58a04632e6c0fb8363f609372293
#26 resolve docker.io/library/node:20-alpine@sha256:fb4cd12c85ee03686f6af5362a0b0d56d50c58a04632e6c0fb8363f609372293 0.0s done
#26 sha256:fb4cd12c85ee03686f6af5362a0b0d56d50c58a04632e6c0fb8363f609372293 7.67kB / 7.67kB done
#26 sha256:d63c387675b0ec5d7ef0c15b03691ac9f82803a8b30c87de3ce8a16960831cbc 1.72kB / 1.72kB done
#26 sha256:cd266ddf7e80183cbac3cb23b49e90ab83a06f14f95d28681d8468f89dc00615 6.54kB / 6.54kB done
#26 sha256:d17f077ada118cc762df373ff803592abf2dfa3ddafaa7381e364dd27a88fca7 0B / 4.20MB 0.1s
#26 sha256:bda5d7ef971f8ede8ea80002d2ac886ef6807fe32cfe46c38704a7ba0429475d 0B / 43.55MB 0.1s
#26 sha256:13e45b12880fbbfe3554ecf6b70131ace701d0c2fd3e2fb9abb842ba2494cd40 0B / 1.26MB 0.1s
#26 sha256:13e45b12880fbbfe3554ecf6b70131ace701d0c2fd3e2fb9abb842ba2494cd40 1.26MB / 1.26MB 0.5s done
#26 sha256:cd322d0ddd02673e6c24a2158d1f12f6ec7c6fd9c0dc67123244d0f0eb0f8806 0B / 443B 0.5s
#26 sha256:bda5d7ef971f8ede8ea80002d2ac886ef6807fe32cfe46c38704a7ba0429475d 8.39MB / 43.55MB 0.8s
#26 sha256:cd322d0ddd02673e6c24a2158d1f12f6ec7c6fd9c0dc67123244d0f0eb0f8806 443B / 443B 0.8s done
#26 sha256:d17f077ada118cc762df373ff803592abf2dfa3ddafaa7381e364dd27a88fca7 1.05MB / 4.20MB 0.9s
#26 sha256:bda5d7ef971f8ede8ea80002d2ac886ef6807fe32cfe46c38704a7ba0429475d 12.58MB / 43.55MB 0.9s
#26 sha256:d17f077ada118cc762df373ff803592abf2dfa3ddafaa7381e364dd27a88fca7 2.10MB / 4.20MB 1.3s
#26 sha256:bda5d7ef971f8ede8ea80002d2ac886ef6807fe32cfe46c38704a7ba0429475d 17.83MB / 43.55MB 1.3s
#26 sha256:d17f077ada118cc762df373ff803592abf2dfa3ddafaa7381e364dd27a88fca7 3.15MB / 4.20MB 1.5s
#26 sha256:bda5d7ef971f8ede8ea80002d2ac886ef6807fe32cfe46c38704a7ba0429475d 22.02MB / 43.55MB 1.8s
#26 extracting sha256:d17f077ada118cc762df373ff803592abf2dfa3ddafaa7381e364dd27a88fca7
#26 sha256:d17f077ada118cc762df373ff803592abf2dfa3ddafaa7381e364dd27a88fca7 4.20MB / 4.20MB 1.9s done
#26 sha256:bda5d7ef971f8ede8ea80002d2ac886ef6807fe32cfe46c38704a7ba0429475d 26.21MB / 43.55MB 2.1s
#26 extracting sha256:d17f077ada118cc762df373ff803592abf2dfa3ddafaa7381e364dd27a88fca7 0.1s done
#26 sha256:bda5d7ef971f8ede8ea80002d2ac886ef6807fe32cfe46c38704a7ba0429475d 29.36MB / 43.55MB 2.4s
#26 sha256:bda5d7ef971f8ede8ea80002d2ac886ef6807fe32cfe46c38704a7ba0429475d 32.51MB / 43.55MB 2.7s
#26 sha256:bda5d7ef971f8ede8ea80002d2ac886ef6807fe32cfe46c38704a7ba0429475d 35.65MB / 43.55MB 3.1s
#26 sha256:bda5d7ef971f8ede8ea80002d2ac886ef6807fe32cfe46c38704a7ba0429475d 38.80MB / 43.55MB 3.4s
#26 sha256:bda5d7ef971f8ede8ea80002d2ac886ef6807fe32cfe46c38704a7ba0429475d 41.94MB / 43.55MB 3.6s
#26 extracting sha256:bda5d7ef971f8ede8ea80002d2ac886ef6807fe32cfe46c38704a7ba0429475d
#26 sha256:bda5d7ef971f8ede8ea80002d2ac886ef6807fe32cfe46c38704a7ba0429475d 43.55MB / 43.55MB 3.7s done
#26 extracting sha256:bda5d7ef971f8ede8ea80002d2ac886ef6807fe32cfe46c38704a7ba0429475d 0.8s done
#26 extracting sha256:13e45b12880fbbfe3554ecf6b70131ace701d0c2fd3e2fb9abb842ba2494cd40
#26 extracting sha256:13e45b12880fbbfe3554ecf6b70131ace701d0c2fd3e2fb9abb842ba2494cd40 0.0s done
#26 extracting sha256:cd322d0ddd02673e6c24a2158d1f12f6ec7c6fd9c0dc67123244d0f0eb0f8806 done
#26 DONE 4.7s

#27 [web runtime 1/3] FROM docker.io/library/nginx:1.27-alpine@sha256:65645c7bb6a0661892a8b03b89d0743208a18dd2f3f17a54ef4b76fb8e2f2a10
#27 resolve docker.io/library/nginx:1.27-alpine@sha256:65645c7bb6a0661892a8b03b89d0743208a18dd2f3f17a54ef4b76fb8e2f2a10 0.0s done
#27 sha256:65645c7bb6a0661892a8b03b89d0743208a18dd2f3f17a54ef4b76fb8e2f2a10 10.33kB / 10.33kB done
#27 sha256:96868d9fa38f469a86d2f25787e43ee9ad330339d30be260aa9f5a338bb03751 10.80kB / 10.80kB done
#27 sha256:63ffc0d1f14e4082b832c6a42e606e9a0384a526f16ddd720af7c1f018f2f7c4 2.50kB / 2.50kB done
#27 sha256:6e771e15690e2fabf2332d3a3b744495411d6e0b00b2aea64419b58b0066cf81 3.15MB / 3.99MB 4.8s
#27 sha256:c60e446e49a0b607fd79968afdc54cedce67644990a3930925add6caf577779d 1.79MB / 1.79MB 2.9s done
#27 sha256:e6557c42ebeaea010d8a8883fdacdc5a17dea1221416d0d980e206dd42dc7e29 627B / 627B 3.4s done
#27 sha256:d3282d7e6b7633cf153dce0ca1c72b6ea574edb0b34351f848fb16b7d13c851f 957B / 957B 3.6s done
#27 sha256:a4ce1202d74643d4e4ce15787afc2402a18802e3d7bfd0f6bf60c912b57eec1f 405B / 405B 3.9s done
#27 sha256:1ab010a063387e697fc32bb43022532c0e275d2e51fb65c2ac541e082e610a33 1.21kB / 1.21kB 4.0s done
#27 sha256:37aca2470cdaf48d251d9308c09dc8735b45ebcbefada46537c9989991b3fe6d 1.40kB / 1.40kB 4.1s done
#27 sha256:9994ea1088e3f1d0eb3dea855f32e7e63742b2644c8611c124ba81bc3453047e 13.63MB / 16.03MB 4.8s
#27 ...

#28 [web build 2/6] WORKDIR /app
#28 DONE 0.1s

#29 [web build 3/6] COPY frontend/web/package.json frontend/web/package-lock.json ./
#29 DONE 0.0s

#27 [web runtime 1/3] FROM docker.io/library/nginx:1.27-alpine@sha256:65645c7bb6a0661892a8b03b89d0743208a18dd2f3f17a54ef4b76fb8e2f2a10
#27 extracting sha256:6e771e15690e2fabf2332d3a3b744495411d6e0b00b2aea64419b58b0066cf81
#27 ...

#30 [web build 4/6] RUN npm ci
#30 ...

#27 [web runtime 1/3] FROM docker.io/library/nginx:1.27-alpine@sha256:65645c7bb6a0661892a8b03b89d0743208a18dd2f3f17a54ef4b76fb8e2f2a10
#27 sha256:6e771e15690e2fabf2332d3a3b744495411d6e0b00b2aea64419b58b0066cf81 3.99MB / 3.99MB 5.0s done
#27 sha256:9994ea1088e3f1d0eb3dea855f32e7e63742b2644c8611c124ba81bc3453047e 16.03MB / 16.03MB 5.0s done
#27 extracting sha256:6e771e15690e2fabf2332d3a3b744495411d6e0b00b2aea64419b58b0066cf81 0.1s done
#27 extracting sha256:c60e446e49a0b607fd79968afdc54cedce67644990a3930925add6caf577779d 0.0s done
#27 extracting sha256:e6557c42ebeaea010d8a8883fdacdc5a17dea1221416d0d980e206dd42dc7e29 done
#27 extracting sha256:d3282d7e6b7633cf153dce0ca1c72b6ea574edb0b34351f848fb16b7d13c851f done
#27 extracting sha256:a4ce1202d74643d4e4ce15787afc2402a18802e3d7bfd0f6bf60c912b57eec1f done
#27 extracting sha256:1ab010a063387e697fc32bb43022532c0e275d2e51fb65c2ac541e082e610a33 done
#27 extracting sha256:37aca2470cdaf48d251d9308c09dc8735b45ebcbefada46537c9989991b3fe6d done
#27 extracting sha256:9994ea1088e3f1d0eb3dea855f32e7e63742b2644c8611c124ba81bc3453047e 0.3s done
#27 DONE 5.6s

#30 [web build 4/6] RUN npm ci
#30 1.010 npm warn deprecated whatwg-encoding@3.1.1: Use @exodus/bytes instead for a more spec-conformant and faster implementation
#30 6.630 
#30 6.630 added 245 packages, and audited 246 packages in 6s
#30 6.630 
#30 6.630 46 packages are looking for funding
#30 6.630   run `npm fund` for details
#30 6.659 
#30 6.659 7 vulnerabilities (5 moderate, 1 high, 1 critical)
#30 6.659 
#30 6.659 To address all issues (including breaking changes), run:
#30 6.659   npm audit fix --force
#30 6.659 
#30 6.659 Run `npm audit` for details.
#30 6.660 npm notice
#30 6.660 npm notice New major version of npm available! 10.8.2 -> 12.0.2
#30 6.660 npm notice Changelog: https://github.com/npm/cli/releases/tag/v12.0.2
#30 6.660 npm notice To update run: npm install -g npm@12.0.2
#30 6.660 npm notice
#30 DONE 7.3s

#31 [web build 5/6] COPY frontend/web/ ./
#31 DONE 0.0s

#32 [web build 6/6] RUN npm run build
#32 0.166 
#32 0.166 > bcsms-web@1.0.0 build
#32 0.166 > tsc && vite build
#32 0.166 
#32 4.471 vite v5.4.21 building for production...
#32 4.505 transforming...
#32 6.452 ✓ 1104 modules transformed.
#32 6.690 rendering chunks...
#32 6.701 computing gzip size...
#32 6.714 dist/index.html                   0.77 kB │ gzip:   0.45 kB
#32 6.714 dist/assets/index-B5q0QrFi.css    0.36 kB │ gzip:   0.27 kB
#32 6.714 dist/assets/index-DDA8TRW4.js   614.78 kB │ gzip: 185.15 kB
#32 6.714 
#32 6.714 (!) Some chunks are larger than 500 kB after minification. Consider:
#32 6.714 - Using dynamic import() to code-split the application
#32 6.714 - Use build.rollupOptions.output.manualChunks to improve chunking: https://rollupjs.org/configuration-options/#output-manualchunks
#32 6.714 - Adjust chunk size limit for this warning via build.chunkSizeWarningLimit.
#32 6.715 ✓ built in 2.23s
#32 DONE 6.7s

#33 [web runtime 2/3] COPY --from=build /app/dist /usr/share/nginx/html
#33 DONE 0.1s

#34 [web runtime 3/3] COPY docker/frontend/nginx.conf /etc/nginx/conf.d/default.conf
#34 DONE 0.0s

#35 [web] exporting to image
#35 exporting layers done
#35 writing image sha256:4552bf2365da748aea4bd9782fa7237d3271b5824495643097cbf3b05af4c04c done
#35 naming to docker.io/library/bursacityservicemanagement-web done
#35 DONE 0.0s

#36 [web] resolving provenance for metadata file
#36 DONE 0.0s
 api  Built
 web  Built
