 db Pulling 
 cb5e374be662 Pulling fs layer 
 5c0f317cd3b8 Pulling fs layer 
 97b84b17711a Pulling fs layer 
 cb5e374be662 Downloading [>                                                  ]  325.7kB/31.56MB
 5c0f317cd3b8 Downloading [>                                                  ]  538.7kB/502.1MB
 97b84b17711a Downloading [>                                                  ]  538.7kB/91.25MB
 cb5e374be662 Downloading [==>                                                ]  1.309MB/31.56MB
 5c0f317cd3b8 Downloading [>                                                  ]   1.62MB/502.1MB
 97b84b17711a Downloading [>                                                  ]   1.62MB/91.25MB
 cb5e374be662 Downloading [=====>                                             ]  3.275MB/31.56MB
 97b84b17711a Downloading [==>                                                ]  3.783MB/91.25MB
 5c0f317cd3b8 Downloading [>                                                  ]  3.783MB/502.1MB
 97b84b17711a Downloading [==>                                                ]  5.405MB/91.25MB
 5c0f317cd3b8 Downloading [>                                                  ]  5.405MB/502.1MB
 cb5e374be662 Downloading [=======>                                           ]  4.913MB/31.56MB
 cb5e374be662 Downloading [=========>                                         ]  6.224MB/31.56MB
 97b84b17711a Downloading [===>                                               ]  7.027MB/91.25MB
 5c0f317cd3b8 Downloading [>                                                  ]  7.027MB/502.1MB
 cb5e374be662 Downloading [==========>                                        ]  6.879MB/31.56MB
 97b84b17711a Downloading [====>                                              ]  8.108MB/91.25MB
 5c0f317cd3b8 Downloading [>                                                  ]  7.567MB/502.1MB
 cb5e374be662 Downloading [===========>                                       ]  7.207MB/31.56MB
 97b84b17711a Downloading [====>                                              ]  8.634MB/91.25MB
 5c0f317cd3b8 Downloading [>                                                  ]  8.108MB/502.1MB
 cb5e374be662 Downloading [============>                                      ]  7.862MB/31.56MB
 5c0f317cd3b8 Downloading [>                                                  ]  8.634MB/502.1MB
 97b84b17711a Downloading [=====>                                             ]  9.716MB/91.25MB
 cb5e374be662 Downloading [=============>                                     ]   8.52MB/31.56MB
 5c0f317cd3b8 Downloading [>                                                  ]  9.175MB/502.1MB
 97b84b17711a Downloading [=====>                                             ]  10.26MB/91.25MB
 cb5e374be662 Downloading [==============>                                    ]  9.175MB/31.56MB
 5c0f317cd3b8 Downloading [>                                                  ]  9.716MB/502.1MB
 97b84b17711a Downloading [=====>                                             ]   10.8MB/91.25MB
 cb5e374be662 Downloading [===============>                                   ]  9.503MB/31.56MB
 cb5e374be662 Downloading [===============>                                   ]   9.83MB/31.56MB
 5c0f317cd3b8 Downloading [=>                                                 ]  10.26MB/502.1MB
 97b84b17711a Downloading [======>                                            ]  11.34MB/91.25MB
 5c0f317cd3b8 Downloading [=>                                                 ]   10.8MB/502.1MB
 cb5e374be662 Downloading [================>                                  ]  10.49MB/31.56MB
 97b84b17711a Downloading [======>                                            ]  11.88MB/91.25MB
 cb5e374be662 Downloading [=================>                                 ]  10.81MB/31.56MB
 5c0f317cd3b8 Downloading [=>                                                 ]  11.34MB/502.1MB
 97b84b17711a Downloading [======>                                            ]  12.42MB/91.25MB
 5c0f317cd3b8 Downloading [=>                                                 ]  11.88MB/502.1MB
 cb5e374be662 Downloading [==================>                                ]  11.47MB/31.56MB
 97b84b17711a Downloading [=======>                                           ]  12.96MB/91.25MB
 5c0f317cd3b8 Downloading [=>                                                 ]  12.42MB/502.1MB
 97b84b17711a Downloading [=======>                                           ]   13.5MB/91.25MB
 cb5e374be662 Downloading [===================>                               ]  12.12MB/31.56MB
 5c0f317cd3b8 Downloading [=>                                                 ]  12.96MB/502.1MB
 cb5e374be662 Downloading [===================>                               ]  12.45MB/31.56MB
 97b84b17711a Downloading [=======>                                           ]  14.04MB/91.25MB
 5c0f317cd3b8 Downloading [=>                                                 ]   13.5MB/502.1MB
 cb5e374be662 Downloading [====================>                              ]  12.78MB/31.56MB
 cb5e374be662 Downloading [====================>                              ]  13.11MB/31.56MB
 97b84b17711a Downloading [=======>                                           ]  14.58MB/91.25MB
 5c0f317cd3b8 Downloading [=>                                                 ]  14.04MB/502.1MB
 97b84b17711a Downloading [========>                                          ]  15.12MB/91.25MB
 5c0f317cd3b8 Downloading [=>                                                 ]  14.58MB/502.1MB
 cb5e374be662 Downloading [=====================>                             ]  13.76MB/31.56MB
 cb5e374be662 Downloading [======================>                            ]  14.09MB/31.56MB
 97b84b17711a Downloading [========>                                          ]  15.66MB/91.25MB
 5c0f317cd3b8 Downloading [=>                                                 ]  15.12MB/502.1MB
 97b84b17711a Downloading [========>                                          ]   16.2MB/91.25MB
 cb5e374be662 Downloading [=======================>                           ]  14.75MB/31.56MB
 5c0f317cd3b8 Downloading [=>                                                 ]  15.66MB/502.1MB
 5c0f317cd3b8 Downloading [=>                                                 ]   16.2MB/502.1MB
 97b84b17711a Downloading [=========>                                         ]  16.74MB/91.25MB
 cb5e374be662 Downloading [========================>                          ]   15.4MB/31.56MB
 5c0f317cd3b8 Downloading [=>                                                 ]  16.74MB/502.1MB
 97b84b17711a Downloading [=========>                                         ]  17.29MB/91.25MB
 cb5e374be662 Downloading [=========================>                         ]  16.06MB/31.56MB
 5c0f317cd3b8 Downloading [=>                                                 ]  17.29MB/502.1MB
 97b84b17711a Downloading [=========>                                         ]  17.83MB/91.25MB
 cb5e374be662 Downloading [==========================>                        ]  16.71MB/31.56MB
 5c0f317cd3b8 Downloading [=>                                                 ]  17.83MB/502.1MB
 97b84b17711a Downloading [==========>                                        ]  18.37MB/91.25MB
 5c0f317cd3b8 Downloading [=>                                                 ]  18.37MB/502.1MB
 97b84b17711a Downloading [==========>                                        ]  18.91MB/91.25MB
 cb5e374be662 Downloading [===========================>                       ]  17.37MB/31.56MB
 5c0f317cd3b8 Downloading [=>                                                 ]  18.91MB/502.1MB
 97b84b17711a Downloading [==========>                                        ]  19.45MB/91.25MB
 cb5e374be662 Downloading [============================>                      ]  18.02MB/31.56MB
 97b84b17711a Downloading [==========>                                        ]  19.99MB/91.25MB
 cb5e374be662 Downloading [=============================>                     ]  18.68MB/31.56MB
 5c0f317cd3b8 Downloading [=>                                                 ]  19.99MB/502.1MB
 cb5e374be662 Downloading [==============================>                    ]  19.33MB/31.56MB
 97b84b17711a Downloading [===========>                                       ]  21.07MB/91.25MB
 5c0f317cd3b8 Downloading [==>                                                ]  21.07MB/502.1MB
 cb5e374be662 Downloading [===============================>                   ]  19.99MB/31.56MB
 97b84b17711a Downloading [===========>                                       ]  21.61MB/91.25MB
 5c0f317cd3b8 Downloading [==>                                                ]  21.61MB/502.1MB
 97b84b17711a Downloading [============>                                      ]  22.15MB/91.25MB
 cb5e374be662 Downloading [================================>                  ]  20.64MB/31.56MB
 5c0f317cd3b8 Downloading [==>                                                ]  22.15MB/502.1MB
 97b84b17711a Downloading [============>                                      ]  22.69MB/91.25MB
 cb5e374be662 Downloading [=================================>                 ]   21.3MB/31.56MB
 97b84b17711a Downloading [============>                                      ]  23.23MB/91.25MB
 5c0f317cd3b8 Downloading [==>                                                ]  23.23MB/502.1MB
 cb5e374be662 Downloading [==================================>                ]  21.95MB/31.56MB
 5c0f317cd3b8 Downloading [==>                                                ]  23.77MB/502.1MB
 cb5e374be662 Downloading [===================================>               ]  22.61MB/31.56MB
 97b84b17711a Downloading [=============>                                     ]  24.31MB/91.25MB
 5c0f317cd3b8 Downloading [==>                                                ]  24.31MB/502.1MB
 cb5e374be662 Downloading [====================================>              ]  23.27MB/31.56MB
 5c0f317cd3b8 Downloading [==>                                                ]  24.85MB/502.1MB
 97b84b17711a Downloading [=============>                                     ]   25.4MB/91.25MB
 cb5e374be662 Downloading [=====================================>             ]  23.92MB/31.56MB
 5c0f317cd3b8 Downloading [==>                                                ]  25.94MB/502.1MB
 cb5e374be662 Downloading [======================================>            ]  24.58MB/31.56MB
 97b84b17711a Downloading [==============>                                    ]  26.48MB/91.25MB
 cb5e374be662 Downloading [=======================================>           ]   24.9MB/31.56MB
 5c0f317cd3b8 Downloading [==>                                                ]  26.48MB/502.1MB
 97b84b17711a Downloading [==============>                                    ]  27.02MB/91.25MB
 cb5e374be662 Downloading [========================================>          ]  25.56MB/31.56MB
 5c0f317cd3b8 Downloading [==>                                                ]  27.56MB/502.1MB
 cb5e374be662 Downloading [=========================================>         ]  26.21MB/31.56MB
 97b84b17711a Downloading [===============>                                   ]   28.1MB/91.25MB
 5c0f317cd3b8 Downloading [==>                                                ]   28.1MB/502.1MB
 cb5e374be662 Downloading [==========================================>        ]  26.87MB/31.56MB
 97b84b17711a Downloading [===============>                                   ]  29.18MB/91.25MB
 cb5e374be662 Downloading [============================================>      ]  27.85MB/31.56MB
 5c0f317cd3b8 Downloading [==>                                                ]  29.18MB/502.1MB
 97b84b17711a Downloading [================>                                  ]  29.72MB/91.25MB
 cb5e374be662 Downloading [=============================================>     ]  28.51MB/31.56MB
 5c0f317cd3b8 Downloading [===>                                               ]  30.26MB/502.1MB
 cb5e374be662 Downloading [==============================================>    ]  29.16MB/31.56MB
 97b84b17711a Downloading [================>                                  ]   30.8MB/91.25MB
 5c0f317cd3b8 Downloading [===>                                               ]  31.34MB/502.1MB
 97b84b17711a Downloading [=================>                                 ]  31.88MB/91.25MB
 cb5e374be662 Downloading [===============================================>   ]  30.15MB/31.56MB
 5c0f317cd3b8 Downloading [===>                                               ]  31.88MB/502.1MB
 cb5e374be662 Downloading [================================================>  ]  30.47MB/31.56MB
 97b84b17711a Downloading [=================>                                 ]  32.42MB/91.25MB
 5c0f317cd3b8 Downloading [===>                                               ]  32.96MB/502.1MB
 cb5e374be662 Downloading [=================================================> ]  31.46MB/31.56MB
 cb5e374be662 Verifying Checksum 
 cb5e374be662 Download complete 
 97b84b17711a Downloading [==================>                                ]  33.51MB/91.25MB
 cb5e374be662 Extracting [>                                                  ]  327.7kB/31.56MB
 5c0f317cd3b8 Downloading [===>                                               ]  34.05MB/502.1MB
 cb5e374be662 Extracting [===========>                                       ]  7.537MB/31.56MB
 97b84b17711a Downloading [==================>                                ]  34.59MB/91.25MB
 cb5e374be662 Extracting [=================>                                 ]  11.14MB/31.56MB
 97b84b17711a Downloading [===================>                               ]  35.13MB/91.25MB
 5c0f317cd3b8 Downloading [===>                                               ]  35.13MB/502.1MB
 cb5e374be662 Extracting [==================================>                ]  21.63MB/31.56MB
 97b84b17711a Downloading [===================>                               ]  36.21MB/91.25MB
 5c0f317cd3b8 Downloading [===>                                               ]  36.21MB/502.1MB
 cb5e374be662 Extracting [===========================================>       ]  27.53MB/31.56MB
 cb5e374be662 Extracting [================================================>  ]  30.47MB/31.56MB
 97b84b17711a Downloading [====================>                              ]  37.29MB/91.25MB
 5c0f317cd3b8 Downloading [===>                                               ]  37.29MB/502.1MB
 cb5e374be662 Extracting [==================================================>]  31.56MB/31.56MB
 cb5e374be662 Pull complete 
 5c0f317cd3b8 Downloading [===>                                               ]  38.37MB/502.1MB
 97b84b17711a Downloading [=====================>                             ]  38.37MB/91.25MB
 5c0f317cd3b8 Downloading [===>                                               ]  39.45MB/502.1MB
 97b84b17711a Downloading [=====================>                             ]  39.45MB/91.25MB
 97b84b17711a Downloading [======================>                            ]  40.53MB/91.25MB
 5c0f317cd3b8 Downloading [====>                                              ]  40.53MB/502.1MB
 5c0f317cd3b8 Downloading [====>                                              ]  41.62MB/502.1MB
 97b84b17711a Downloading [======================>                            ]  41.62MB/91.25MB
 5c0f317cd3b8 Downloading [====>                                              ]   42.7MB/502.1MB
 97b84b17711a Downloading [=======================>                           ]   42.7MB/91.25MB
 5c0f317cd3b8 Downloading [====>                                              ]  43.78MB/502.1MB
 97b84b17711a Downloading [=======================>                           ]  43.78MB/91.25MB
 5c0f317cd3b8 Downloading [====>                                              ]  44.86MB/502.1MB
 97b84b17711a Downloading [========================>                          ]  44.86MB/91.25MB
 5c0f317cd3b8 Downloading [====>                                              ]   45.4MB/502.1MB
 97b84b17711a Downloading [=========================>                         ]  45.94MB/91.25MB
 5c0f317cd3b8 Downloading [====>                                              ]  46.48MB/502.1MB
 97b84b17711a Downloading [=========================>                         ]  47.02MB/91.25MB
 5c0f317cd3b8 Downloading [====>                                              ]  47.56MB/502.1MB
 97b84b17711a Downloading [==========================>                        ]   48.1MB/91.25MB
 5c0f317cd3b8 Downloading [====>                                              ]  48.64MB/502.1MB
 97b84b17711a Downloading [==========================>                        ]  48.64MB/91.25MB
 5c0f317cd3b8 Downloading [====>                                              ]  49.18MB/502.1MB
 97b84b17711a Downloading [===========================>                       ]  49.73MB/91.25MB
 5c0f317cd3b8 Downloading [=====>                                             ]  50.27MB/502.1MB
 97b84b17711a Downloading [===========================>                       ]  50.81MB/91.25MB
 5c0f317cd3b8 Downloading [=====>                                             ]  51.35MB/502.1MB
 5c0f317cd3b8 Downloading [=====>                                             ]  52.43MB/502.1MB
 97b84b17711a Downloading [============================>                      ]  51.89MB/91.25MB
 97b84b17711a Downloading [============================>                      ]  52.43MB/91.25MB
 5c0f317cd3b8 Downloading [=====>                                             ]  52.97MB/502.1MB
 5c0f317cd3b8 Downloading [=====>                                             ]  54.05MB/502.1MB
 97b84b17711a Downloading [=============================>                     ]  53.51MB/91.25MB
 5c0f317cd3b8 Downloading [=====>                                             ]  55.13MB/502.1MB
 97b84b17711a Downloading [=============================>                     ]  54.59MB/91.25MB
 5c0f317cd3b8 Downloading [=====>                                             ]  56.21MB/502.1MB
 97b84b17711a Downloading [==============================>                    ]  55.67MB/91.25MB
 5c0f317cd3b8 Downloading [=====>                                             ]  56.75MB/502.1MB
 97b84b17711a Downloading [==============================>                    ]  56.21MB/91.25MB
 5c0f317cd3b8 Downloading [=====>                                             ]  57.84MB/502.1MB
 97b84b17711a Downloading [===============================>                   ]  57.29MB/91.25MB
 5c0f317cd3b8 Downloading [=====>                                             ]  58.92MB/502.1MB
 97b84b17711a Downloading [===============================>                   ]  58.38MB/91.25MB
 5c0f317cd3b8 Downloading [=====>                                             ]     60MB/502.1MB
 97b84b17711a Downloading [================================>                  ]  59.46MB/91.25MB
 97b84b17711a Downloading [================================>                  ]     60MB/91.25MB
 5c0f317cd3b8 Downloading [======>                                            ]  61.08MB/502.1MB
 97b84b17711a Downloading [=================================>                 ]  61.08MB/91.25MB
 5c0f317cd3b8 Downloading [======>                                            ]  62.16MB/502.1MB
 97b84b17711a Downloading [==================================>                ]  62.16MB/91.25MB
 5c0f317cd3b8 Downloading [======>                                            ]  63.24MB/502.1MB
 97b84b17711a Downloading [==================================>                ]  63.24MB/91.25MB
 5c0f317cd3b8 Downloading [======>                                            ]  64.32MB/502.1MB
 97b84b17711a Downloading [==================================>                ]  63.78MB/91.25MB
 5c0f317cd3b8 Downloading [======>                                            ]  64.86MB/502.1MB
 97b84b17711a Downloading [===================================>               ]  64.86MB/91.25MB
 5c0f317cd3b8 Downloading [======>                                            ]  65.95MB/502.1MB
 97b84b17711a Downloading [====================================>              ]  65.95MB/91.25MB
 5c0f317cd3b8 Downloading [======>                                            ]  67.57MB/502.1MB
 97b84b17711a Downloading [=====================================>             ]  67.57MB/91.25MB
 5c0f317cd3b8 Downloading [======>                                            ]  68.65MB/502.1MB
 97b84b17711a Downloading [=====================================>             ]  68.11MB/91.25MB
 5c0f317cd3b8 Downloading [======>                                            ]  69.19MB/502.1MB
 97b84b17711a Downloading [=====================================>             ]  69.19MB/91.25MB
 5c0f317cd3b8 Downloading [======>                                            ]  70.27MB/502.1MB
 97b84b17711a Downloading [======================================>            ]  70.27MB/91.25MB
 5c0f317cd3b8 Downloading [=======>                                           ]  71.35MB/502.1MB
 97b84b17711a Downloading [=======================================>           ]  71.35MB/91.25MB
 5c0f317cd3b8 Downloading [=======>                                           ]  72.43MB/502.1MB
 97b84b17711a Downloading [=======================================>           ]  71.89MB/91.25MB
 5c0f317cd3b8 Downloading [=======>                                           ]  72.97MB/502.1MB
 97b84b17711a Downloading [=======================================>           ]  72.43MB/91.25MB
 5c0f317cd3b8 Downloading [=======>                                           ]  74.06MB/502.1MB
 97b84b17711a Downloading [=======================================>           ]  72.97MB/91.25MB
 5c0f317cd3b8 Downloading [=======>                                           ]  75.14MB/502.1MB
 97b84b17711a Downloading [========================================>          ]  74.06MB/91.25MB
 5c0f317cd3b8 Downloading [=======>                                           ]  76.22MB/502.1MB
 97b84b17711a Downloading [========================================>          ]   74.6MB/91.25MB
 5c0f317cd3b8 Downloading [=======>                                           ]   77.3MB/502.1MB
 97b84b17711a Downloading [=========================================>         ]  75.14MB/91.25MB
 5c0f317cd3b8 Downloading [=======>                                           ]  78.38MB/502.1MB
 97b84b17711a Downloading [=========================================>         ]  76.22MB/91.25MB
 5c0f317cd3b8 Downloading [=======>                                           ]  79.46MB/502.1MB
 97b84b17711a Downloading [==========================================>        ]  76.76MB/91.25MB
 5c0f317cd3b8 Downloading [========>                                          ]  80.54MB/502.1MB
 97b84b17711a Downloading [==========================================>        ]   77.3MB/91.25MB
 97b84b17711a Downloading [==========================================>        ]  77.84MB/91.25MB
 5c0f317cd3b8 Downloading [========>                                          ]  81.63MB/502.1MB
 5c0f317cd3b8 Downloading [========>                                          ]  82.17MB/502.1MB
 97b84b17711a Downloading [==========================================>        ]  78.38MB/91.25MB
 5c0f317cd3b8 Downloading [========>                                          ]  82.71MB/502.1MB
 97b84b17711a Downloading [===========================================>       ]  78.92MB/91.25MB
 5c0f317cd3b8 Downloading [========>                                          ]  83.25MB/502.1MB
 97b84b17711a Downloading [===========================================>       ]  79.46MB/91.25MB
 5c0f317cd3b8 Downloading [========>                                          ]  84.33MB/502.1MB
 97b84b17711a Downloading [============================================>      ]  80.54MB/91.25MB
 5c0f317cd3b8 Downloading [========>                                          ]  85.41MB/502.1MB
 5c0f317cd3b8 Downloading [========>                                          ]  86.49MB/502.1MB
 97b84b17711a Downloading [============================================>      ]  81.08MB/91.25MB
 97b84b17711a Downloading [============================================>      ]  81.63MB/91.25MB
 5c0f317cd3b8 Downloading [========>                                          ]  87.57MB/502.1MB
 5c0f317cd3b8 Downloading [========>                                          ]  88.65MB/502.1MB
 97b84b17711a Downloading [=============================================>     ]  82.71MB/91.25MB
 5c0f317cd3b8 Downloading [========>                                          ]  89.19MB/502.1MB
 97b84b17711a Downloading [=============================================>     ]  83.25MB/91.25MB
 5c0f317cd3b8 Downloading [========>                                          ]  90.28MB/502.1MB
 5c0f317cd3b8 Downloading [=========>                                         ]  91.36MB/502.1MB
 97b84b17711a Downloading [==============================================>    ]  84.33MB/91.25MB
 5c0f317cd3b8 Downloading [=========>                                         ]  92.44MB/502.1MB
 97b84b17711a Downloading [==============================================>    ]  85.41MB/91.25MB
 5c0f317cd3b8 Downloading [=========>                                         ]  92.98MB/502.1MB
 97b84b17711a Downloading [===============================================>   ]  85.95MB/91.25MB
 5c0f317cd3b8 Downloading [=========>                                         ]  94.06MB/502.1MB
 5c0f317cd3b8 Downloading [=========>                                         ]  95.14MB/502.1MB
 97b84b17711a Downloading [===============================================>   ]  87.03MB/91.25MB
 5c0f317cd3b8 Downloading [=========>                                         ]  96.22MB/502.1MB
 97b84b17711a Downloading [================================================>  ]  88.11MB/91.25MB
 5c0f317cd3b8 Downloading [=========>                                         ]   97.3MB/502.1MB
 97b84b17711a Downloading [================================================>  ]  88.65MB/91.25MB
 5c0f317cd3b8 Downloading [=========>                                         ]  98.39MB/502.1MB
 97b84b17711a Downloading [=================================================> ]  89.74MB/91.25MB
 5c0f317cd3b8 Downloading [=========>                                         ]  99.47MB/502.1MB
 5c0f317cd3b8 Downloading [==========>                                        ]  100.5MB/502.1MB
 97b84b17711a Downloading [=================================================> ]  90.82MB/91.25MB
 5c0f317cd3b8 Downloading [==========>                                        ]  101.6MB/502.1MB
 97b84b17711a Verifying Checksum 
 97b84b17711a Download complete 
 5c0f317cd3b8 Downloading [==========>                                        ]  102.7MB/502.1MB
 5c0f317cd3b8 Downloading [==========>                                        ]  103.8MB/502.1MB
 5c0f317cd3b8 Downloading [==========>                                        ]  104.3MB/502.1MB
 5c0f317cd3b8 Downloading [==========>                                        ]  105.4MB/502.1MB
 5c0f317cd3b8 Downloading [==========>                                        ]  106.5MB/502.1MB
 5c0f317cd3b8 Downloading [==========>                                        ]  107.6MB/502.1MB
 5c0f317cd3b8 Downloading [==========>                                        ]  109.2MB/502.1MB
 5c0f317cd3b8 Downloading [==========>                                        ]  109.7MB/502.1MB
 5c0f317cd3b8 Downloading [===========>                                       ]  111.4MB/502.1MB
 5c0f317cd3b8 Downloading [===========>                                       ]    113MB/502.1MB
 5c0f317cd3b8 Downloading [===========>                                       ]  114.1MB/502.1MB
 5c0f317cd3b8 Downloading [===========>                                       ]  114.6MB/502.1MB
 5c0f317cd3b8 Downloading [===========>                                       ]  116.2MB/502.1MB
 5c0f317cd3b8 Downloading [===========>                                       ]  117.3MB/502.1MB
 5c0f317cd3b8 Downloading [===========>                                       ]  118.9MB/502.1MB
 5c0f317cd3b8 Downloading [===========>                                       ]    120MB/502.1MB
 5c0f317cd3b8 Downloading [============>                                      ]  121.1MB/502.1MB
 5c0f317cd3b8 Downloading [============>                                      ]  122.7MB/502.1MB
 5c0f317cd3b8 Downloading [============>                                      ]  123.8MB/502.1MB
 5c0f317cd3b8 Downloading [============>                                      ]  124.9MB/502.1MB
 5c0f317cd3b8 Downloading [============>                                      ]    126MB/502.1MB
 5c0f317cd3b8 Downloading [============>                                      ]  127.6MB/502.1MB
 5c0f317cd3b8 Downloading [============>                                      ]  129.2MB/502.1MB
 5c0f317cd3b8 Downloading [============>                                      ]  130.3MB/502.1MB
 5c0f317cd3b8 Downloading [=============>                                     ]  131.9MB/502.1MB
 5c0f317cd3b8 Downloading [=============>                                     ]  133.5MB/502.1MB
 5c0f317cd3b8 Downloading [=============>                                     ]  134.6MB/502.1MB
 5c0f317cd3b8 Downloading [=============>                                     ]  136.2MB/502.1MB
 5c0f317cd3b8 Downloading [=============>                                     ]  137.9MB/502.1MB
 5c0f317cd3b8 Downloading [=============>                                     ]  139.5MB/502.1MB
 5c0f317cd3b8 Downloading [=============>                                     ]    140MB/502.1MB
 5c0f317cd3b8 Downloading [==============>                                    ]  141.6MB/502.1MB
 5c0f317cd3b8 Downloading [==============>                                    ]  142.7MB/502.1MB
 5c0f317cd3b8 Downloading [==============>                                    ]  144.3MB/502.1MB
 5c0f317cd3b8 Downloading [==============>                                    ]    146MB/502.1MB
 5c0f317cd3b8 Downloading [==============>                                    ]  147.6MB/502.1MB
 5c0f317cd3b8 Downloading [==============>                                    ]  149.2MB/502.1MB
 5c0f317cd3b8 Downloading [===============>                                   ]  150.8MB/502.1MB
 5c0f317cd3b8 Downloading [===============>                                   ]  151.9MB/502.1MB
 5c0f317cd3b8 Downloading [===============>                                   ]  153.5MB/502.1MB
 5c0f317cd3b8 Downloading [===============>                                   ]  155.2MB/502.1MB
 5c0f317cd3b8 Downloading [===============>                                   ]  156.8MB/502.1MB
 5c0f317cd3b8 Downloading [===============>                                   ]  158.4MB/502.1MB
 5c0f317cd3b8 Downloading [===============>                                   ]    160MB/502.1MB
 5c0f317cd3b8 Downloading [================>                                  ]  161.6MB/502.1MB
 5c0f317cd3b8 Downloading [================>                                  ]  163.3MB/502.1MB
 5c0f317cd3b8 Downloading [================>                                  ]  164.3MB/502.1MB
 5c0f317cd3b8 Downloading [================>                                  ]    166MB/502.1MB
 5c0f317cd3b8 Downloading [================>                                  ]  167.6MB/502.1MB
 5c0f317cd3b8 Downloading [================>                                  ]  169.2MB/502.1MB
 5c0f317cd3b8 Downloading [=================>                                 ]  170.8MB/502.1MB
 5c0f317cd3b8 Downloading [=================>                                 ]  171.9MB/502.1MB
 5c0f317cd3b8 Downloading [=================>                                 ]  174.1MB/502.1MB
 5c0f317cd3b8 Downloading [=================>                                 ]  175.7MB/502.1MB
 5c0f317cd3b8 Downloading [=================>                                 ]  177.3MB/502.1MB
 5c0f317cd3b8 Downloading [=================>                                 ]  178.9MB/502.1MB
 5c0f317cd3b8 Downloading [=================>                                 ]  180.6MB/502.1MB
 5c0f317cd3b8 Downloading [==================>                                ]  182.2MB/502.1MB
 5c0f317cd3b8 Downloading [==================>                                ]  183.8MB/502.1MB
 5c0f317cd3b8 Downloading [==================>                                ]  185.4MB/502.1MB
 5c0f317cd3b8 Downloading [==================>                                ]  187.1MB/502.1MB
 5c0f317cd3b8 Downloading [==================>                                ]  188.7MB/502.1MB
 5c0f317cd3b8 Downloading [==================>                                ]  190.3MB/502.1MB
 5c0f317cd3b8 Downloading [===================>                               ]  190.8MB/502.1MB
 5c0f317cd3b8 Downloading [===================>                               ]  192.5MB/502.1MB
 5c0f317cd3b8 Downloading [===================>                               ]  194.1MB/502.1MB
 5c0f317cd3b8 Downloading [===================>                               ]  196.2MB/502.1MB
 5c0f317cd3b8 Downloading [===================>                               ]  197.3MB/502.1MB
 5c0f317cd3b8 Downloading [===================>                               ]    199MB/502.1MB
 5c0f317cd3b8 Downloading [====================>                              ]  201.1MB/502.1MB
 5c0f317cd3b8 Downloading [====================>                              ]  203.3MB/502.1MB
 5c0f317cd3b8 Downloading [====================>                              ]  204.9MB/502.1MB
 5c0f317cd3b8 Downloading [====================>                              ]  206.5MB/502.1MB
 5c0f317cd3b8 Downloading [====================>                              ]  208.7MB/502.1MB
 5c0f317cd3b8 Downloading [====================>                              ]  210.3MB/502.1MB
 5c0f317cd3b8 Downloading [=====================>                             ]  212.5MB/502.1MB
 5c0f317cd3b8 Downloading [=====================>                             ]  214.6MB/502.1MB
 5c0f317cd3b8 Downloading [=====================>                             ]  216.8MB/502.1MB
 5c0f317cd3b8 Downloading [=====================>                             ]    219MB/502.1MB
 5c0f317cd3b8 Downloading [=====================>                             ]    220MB/502.1MB
 5c0f317cd3b8 Downloading [======================>                            ]  222.2MB/502.1MB
 5c0f317cd3b8 Downloading [======================>                            ]  224.4MB/502.1MB
 5c0f317cd3b8 Downloading [======================>                            ]  226.5MB/502.1MB
 5c0f317cd3b8 Downloading [======================>                            ]  227.6MB/502.1MB
 5c0f317cd3b8 Downloading [======================>                            ]  229.8MB/502.1MB
 5c0f317cd3b8 Downloading [=======================>                           ]  231.9MB/502.1MB
 5c0f317cd3b8 Downloading [=======================>                           ]  234.1MB/502.1MB
 5c0f317cd3b8 Downloading [=======================>                           ]  235.7MB/502.1MB
 5c0f317cd3b8 Downloading [=======================>                           ]  237.9MB/502.1MB
 5c0f317cd3b8 Downloading [=======================>                           ]    240MB/502.1MB
 5c0f317cd3b8 Downloading [========================>                          ]  242.7MB/502.1MB
 5c0f317cd3b8 Downloading [========================>                          ]  245.4MB/502.1MB
 5c0f317cd3b8 Downloading [========================>                          ]  247.6MB/502.1MB
 5c0f317cd3b8 Downloading [========================>                          ]  249.8MB/502.1MB
 5c0f317cd3b8 Downloading [=========================>                         ]  252.5MB/502.1MB
 5c0f317cd3b8 Downloading [=========================>                         ]  255.2MB/502.1MB
 5c0f317cd3b8 Downloading [=========================>                         ]  257.3MB/502.1MB
 5c0f317cd3b8 Downloading [=========================>                         ]    259MB/502.1MB
 5c0f317cd3b8 Downloading [=========================>                         ]  260.6MB/502.1MB
 5c0f317cd3b8 Downloading [==========================>                        ]  262.2MB/502.1MB
 5c0f317cd3b8 Downloading [==========================>                        ]  263.8MB/502.1MB
 5c0f317cd3b8 Downloading [==========================>                        ]  265.5MB/502.1MB
 5c0f317cd3b8 Downloading [==========================>                        ]  267.1MB/502.1MB
 5c0f317cd3b8 Downloading [==========================>                        ]  267.6MB/502.1MB
 5c0f317cd3b8 Downloading [==========================>                        ]  268.7MB/502.1MB
 5c0f317cd3b8 Downloading [==========================>                        ]  270.3MB/502.1MB
 5c0f317cd3b8 Downloading [===========================>                       ]  271.9MB/502.1MB
 5c0f317cd3b8 Downloading [===========================>                       ]    273MB/502.1MB
 5c0f317cd3b8 Downloading [===========================>                       ]  274.6MB/502.1MB
 5c0f317cd3b8 Downloading [===========================>                       ]  276.3MB/502.1MB
 5c0f317cd3b8 Downloading [===========================>                       ]  277.9MB/502.1MB
 5c0f317cd3b8 Downloading [===========================>                       ]    279MB/502.1MB
 5c0f317cd3b8 Downloading [===========================>                       ]  280.6MB/502.1MB
 5c0f317cd3b8 Downloading [============================>                      ]  282.2MB/502.1MB
 5c0f317cd3b8 Downloading [============================>                      ]  283.8MB/502.1MB
 5c0f317cd3b8 Downloading [============================>                      ]  284.4MB/502.1MB
 5c0f317cd3b8 Downloading [============================>                      ]  285.5MB/502.1MB
 5c0f317cd3b8 Downloading [============================>                      ]  287.1MB/502.1MB
 5c0f317cd3b8 Downloading [============================>                      ]  288.7MB/502.1MB
 5c0f317cd3b8 Downloading [============================>                      ]  289.8MB/502.1MB
 5c0f317cd3b8 Downloading [=============================>                     ]  291.4MB/502.1MB
 5c0f317cd3b8 Downloading [=============================>                     ]    293MB/502.1MB
 5c0f317cd3b8 Downloading [=============================>                     ]  294.6MB/502.1MB
 5c0f317cd3b8 Downloading [=============================>                     ]  295.2MB/502.1MB
 5c0f317cd3b8 Downloading [=============================>                     ]  296.8MB/502.1MB
 5c0f317cd3b8 Downloading [=============================>                     ]  298.4MB/502.1MB
 5c0f317cd3b8 Downloading [=============================>                     ]  300.1MB/502.1MB
 5c0f317cd3b8 Downloading [=============================>                     ]  301.1MB/502.1MB
 5c0f317cd3b8 Downloading [==============================>                    ]  302.2MB/502.1MB
 5c0f317cd3b8 Downloading [==============================>                    ]  303.8MB/502.1MB
 5c0f317cd3b8 Downloading [==============================>                    ]  305.5MB/502.1MB
 5c0f317cd3b8 Downloading [==============================>                    ]  307.1MB/502.1MB
 5c0f317cd3b8 Downloading [==============================>                    ]  308.7MB/502.1MB
 5c0f317cd3b8 Downloading [==============================>                    ]  310.3MB/502.1MB
 5c0f317cd3b8 Downloading [===============================>                   ]    312MB/502.1MB
 5c0f317cd3b8 Downloading [===============================>                   ]    313MB/502.1MB
 5c0f317cd3b8 Downloading [===============================>                   ]  314.7MB/502.1MB
 5c0f317cd3b8 Downloading [===============================>                   ]  315.7MB/502.1MB
 5c0f317cd3b8 Downloading [===============================>                   ]  317.4MB/502.1MB
 5c0f317cd3b8 Downloading [===============================>                   ]    319MB/502.1MB
 5c0f317cd3b8 Downloading [===============================>                   ]  320.6MB/502.1MB
 5c0f317cd3b8 Downloading [================================>                  ]  321.7MB/502.1MB
 5c0f317cd3b8 Downloading [================================>                  ]  323.3MB/502.1MB
 5c0f317cd3b8 Downloading [================================>                  ]  324.9MB/502.1MB
 5c0f317cd3b8 Downloading [================================>                  ]  325.5MB/502.1MB
 5c0f317cd3b8 Downloading [================================>                  ]  327.1MB/502.1MB
 5c0f317cd3b8 Downloading [================================>                  ]  328.7MB/502.1MB
 5c0f317cd3b8 Downloading [================================>                  ]  330.3MB/502.1MB
 5c0f317cd3b8 Downloading [=================================>                 ]  331.4MB/502.1MB
 5c0f317cd3b8 Downloading [=================================>                 ]    333MB/502.1MB
 5c0f317cd3b8 Downloading [=================================>                 ]  334.7MB/502.1MB
 5c0f317cd3b8 Downloading [=================================>                 ]  336.3MB/502.1MB
 5c0f317cd3b8 Downloading [=================================>                 ]  337.9MB/502.1MB
 5c0f317cd3b8 Downloading [=================================>                 ]  339.5MB/502.1MB
 5c0f317cd3b8 Downloading [=================================>                 ]  341.1MB/502.1MB
 5c0f317cd3b8 Downloading [==================================>                ]  342.8MB/502.1MB
 5c0f317cd3b8 Downloading [==================================>                ]  344.4MB/502.1MB
 5c0f317cd3b8 Downloading [==================================>                ]    346MB/502.1MB
 5c0f317cd3b8 Downloading [==================================>                ]  347.6MB/502.1MB
 5c0f317cd3b8 Downloading [==================================>                ]  349.3MB/502.1MB
 5c0f317cd3b8 Downloading [==================================>                ]  350.9MB/502.1MB
 5c0f317cd3b8 Downloading [===================================>               ]  352.5MB/502.1MB
 5c0f317cd3b8 Downloading [===================================>               ]  354.1MB/502.1MB
 5c0f317cd3b8 Downloading [===================================>               ]  355.7MB/502.1MB
 5c0f317cd3b8 Downloading [===================================>               ]  357.4MB/502.1MB
 5c0f317cd3b8 Downloading [===================================>               ]  357.9MB/502.1MB
 5c0f317cd3b8 Downloading [===================================>               ]  360.1MB/502.1MB
 5c0f317cd3b8 Downloading [====================================>              ]  362.2MB/502.1MB
 5c0f317cd3b8 Downloading [====================================>              ]  364.4MB/502.1MB
 5c0f317cd3b8 Downloading [====================================>              ]  364.9MB/502.1MB
 5c0f317cd3b8 Downloading [====================================>              ]  366.6MB/502.1MB
 5c0f317cd3b8 Downloading [====================================>              ]  368.7MB/502.1MB
 5c0f317cd3b8 Downloading [====================================>              ]  370.9MB/502.1MB
 5c0f317cd3b8 Downloading [=====================================>             ]    372MB/502.1MB
 5c0f317cd3b8 Downloading [=====================================>             ]  373.6MB/502.1MB
 5c0f317cd3b8 Downloading [=====================================>             ]  375.2MB/502.1MB
 5c0f317cd3b8 Downloading [=====================================>             ]  376.8MB/502.1MB
 5c0f317cd3b8 Downloading [=====================================>             ]    379MB/502.1MB
 5c0f317cd3b8 Downloading [=====================================>             ]  381.2MB/502.1MB
 5c0f317cd3b8 Downloading [======================================>            ]  383.3MB/502.1MB
 5c0f317cd3b8 Downloading [======================================>            ]  385.5MB/502.1MB
 5c0f317cd3b8 Downloading [======================================>            ]  386.6MB/502.1MB
 5c0f317cd3b8 Downloading [======================================>            ]  388.2MB/502.1MB
 5c0f317cd3b8 Downloading [======================================>            ]  389.8MB/502.1MB
 5c0f317cd3b8 Downloading [=======================================>           ]    392MB/502.1MB
 5c0f317cd3b8 Downloading [=======================================>           ]  394.1MB/502.1MB
 5c0f317cd3b8 Downloading [=======================================>           ]  395.8MB/502.1MB
 5c0f317cd3b8 Downloading [=======================================>           ]  397.9MB/502.1MB
 5c0f317cd3b8 Downloading [=======================================>           ]  400.1MB/502.1MB
 5c0f317cd3b8 Downloading [========================================>          ]  401.7MB/502.1MB
 5c0f317cd3b8 Downloading [========================================>          ]  403.9MB/502.1MB
 5c0f317cd3b8 Downloading [========================================>          ]    406MB/502.1MB
 5c0f317cd3b8 Downloading [========================================>          ]  408.2MB/502.1MB
 5c0f317cd3b8 Downloading [========================================>          ]  409.8MB/502.1MB
 5c0f317cd3b8 Downloading [=========================================>         ]    412MB/502.1MB
 5c0f317cd3b8 Downloading [=========================================>         ]  414.1MB/502.1MB
 5c0f317cd3b8 Downloading [=========================================>         ]  415.8MB/502.1MB
 5c0f317cd3b8 Downloading [=========================================>         ]  417.9MB/502.1MB
 5c0f317cd3b8 Downloading [=========================================>         ]  419.5MB/502.1MB
 5c0f317cd3b8 Downloading [=========================================>         ]  421.2MB/502.1MB
 5c0f317cd3b8 Downloading [==========================================>        ]  423.3MB/502.1MB
 5c0f317cd3b8 Downloading [==========================================>        ]  425.5MB/502.1MB
 5c0f317cd3b8 Downloading [==========================================>        ]  426.6MB/502.1MB
 5c0f317cd3b8 Downloading [==========================================>        ]  428.2MB/502.1MB
 5c0f317cd3b8 Downloading [==========================================>        ]  430.4MB/502.1MB
 5c0f317cd3b8 Downloading [===========================================>       ]  432.5MB/502.1MB
 5c0f317cd3b8 Downloading [===========================================>       ]  434.1MB/502.1MB
 5c0f317cd3b8 Downloading [===========================================>       ]  435.8MB/502.1MB
 5c0f317cd3b8 Downloading [===========================================>       ]  437.4MB/502.1MB
 5c0f317cd3b8 Downloading [===========================================>       ]  439.5MB/502.1MB
 5c0f317cd3b8 Downloading [===========================================>       ]  441.7MB/502.1MB
 5c0f317cd3b8 Downloading [============================================>      ]  443.9MB/502.1MB
 5c0f317cd3b8 Downloading [============================================>      ]  445.5MB/502.1MB
 5c0f317cd3b8 Downloading [============================================>      ]  447.7MB/502.1MB
 5c0f317cd3b8 Downloading [============================================>      ]  449.8MB/502.1MB
 5c0f317cd3b8 Downloading [============================================>      ]  450.4MB/502.1MB
 5c0f317cd3b8 Downloading [=============================================>     ]  452.5MB/502.1MB
 5c0f317cd3b8 Downloading [=============================================>     ]  454.7MB/502.1MB
 5c0f317cd3b8 Downloading [=============================================>     ]  455.8MB/502.1MB
 5c0f317cd3b8 Downloading [=============================================>     ]  457.4MB/502.1MB
 5c0f317cd3b8 Downloading [=============================================>     ]    459MB/502.1MB
 5c0f317cd3b8 Downloading [=============================================>     ]  460.6MB/502.1MB
 5c0f317cd3b8 Downloading [==============================================>    ]  462.3MB/502.1MB
 5c0f317cd3b8 Downloading [==============================================>    ]  463.3MB/502.1MB
 5c0f317cd3b8 Downloading [==============================================>    ]    465MB/502.1MB
 5c0f317cd3b8 Downloading [==============================================>    ]  466.6MB/502.1MB
 5c0f317cd3b8 Downloading [==============================================>    ]  468.2MB/502.1MB
 5c0f317cd3b8 Downloading [==============================================>    ]  470.4MB/502.1MB
 5c0f317cd3b8 Downloading [===============================================>   ]    472MB/502.1MB
 5c0f317cd3b8 Downloading [===============================================>   ]  473.1MB/502.1MB
 5c0f317cd3b8 Downloading [===============================================>   ]  474.7MB/502.1MB
 5c0f317cd3b8 Downloading [===============================================>   ]  476.3MB/502.1MB
 5c0f317cd3b8 Downloading [===============================================>   ]  477.9MB/502.1MB
 5c0f317cd3b8 Downloading [===============================================>   ]  479.6MB/502.1MB
 5c0f317cd3b8 Downloading [===============================================>   ]  481.2MB/502.1MB
 5c0f317cd3b8 Downloading [================================================>  ]  482.8MB/502.1MB
 5c0f317cd3b8 Downloading [================================================>  ]    485MB/502.1MB
 5c0f317cd3b8 Downloading [================================================>  ]  486.6MB/502.1MB
 5c0f317cd3b8 Downloading [================================================>  ]  487.1MB/502.1MB
 5c0f317cd3b8 Downloading [================================================>  ]  489.3MB/502.1MB
 5c0f317cd3b8 Downloading [================================================>  ]  491.5MB/502.1MB
 5c0f317cd3b8 Downloading [=================================================> ]  493.1MB/502.1MB
 5c0f317cd3b8 Downloading [=================================================> ]  495.2MB/502.1MB
 5c0f317cd3b8 Downloading [=================================================> ]  497.4MB/502.1MB
 5c0f317cd3b8 Downloading [=================================================> ]  499.6MB/502.1MB
 5c0f317cd3b8 Downloading [=================================================> ]  501.7MB/502.1MB
 5c0f317cd3b8 Verifying Checksum 
 5c0f317cd3b8 Download complete 
 5c0f317cd3b8 Extracting [>                                                  ]  557.1kB/502.1MB
 5c0f317cd3b8 Extracting [=>                                                 ]  12.26MB/502.1MB
 5c0f317cd3b8 Extracting [==>                                                ]  21.17MB/502.1MB
 5c0f317cd3b8 Extracting [==>                                                ]  30.08MB/502.1MB
 5c0f317cd3b8 Extracting [===>                                               ]  39.55MB/502.1MB
 5c0f317cd3b8 Extracting [====>                                              ]  45.12MB/502.1MB
 5c0f317cd3b8 Extracting [=====>                                             ]  54.03MB/502.1MB
 5c0f317cd3b8 Extracting [======>                                            ]  64.62MB/502.1MB
 5c0f317cd3b8 Extracting [=======>                                           ]  77.43MB/502.1MB
 5c0f317cd3b8 Extracting [========>                                          ]  84.12MB/502.1MB
 5c0f317cd3b8 Extracting [========>                                          ]  88.57MB/502.1MB
 5c0f317cd3b8 Extracting [=========>                                         ]   98.6MB/502.1MB
 5c0f317cd3b8 Extracting [============>                                      ]  121.4MB/502.1MB
 5c0f317cd3b8 Extracting [=============>                                     ]  132.6MB/502.1MB
 5c0f317cd3b8 Extracting [=============>                                     ]  140.4MB/502.1MB
 5c0f317cd3b8 Extracting [==============>                                    ]  143.7MB/502.1MB
 5c0f317cd3b8 Extracting [==============>                                    ]  144.8MB/502.1MB
 5c0f317cd3b8 Extracting [==============>                                    ]  145.9MB/502.1MB
 5c0f317cd3b8 Extracting [===============>                                   ]  151.5MB/502.1MB
 5c0f317cd3b8 Extracting [===============>                                   ]  155.4MB/502.1MB
 5c0f317cd3b8 Extracting [===============>                                   ]  157.1MB/502.1MB
 5c0f317cd3b8 Extracting [================>                                  ]  162.1MB/502.1MB
 5c0f317cd3b8 Extracting [================>                                  ]  166.6MB/502.1MB
 5c0f317cd3b8 Extracting [=================>                                 ]  174.9MB/502.1MB
 5c0f317cd3b8 Extracting [==================>                                ]  181.6MB/502.1MB
 5c0f317cd3b8 Extracting [===================>                               ]  194.4MB/502.1MB
 5c0f317cd3b8 Extracting [===================>                               ]    200MB/502.1MB
 5c0f317cd3b8 Extracting [====================>                              ]    205MB/502.1MB
 5c0f317cd3b8 Extracting [====================>                              ]  208.3MB/502.1MB
 5c0f317cd3b8 Extracting [=====================>                             ]  212.8MB/502.1MB
 5c0f317cd3b8 Extracting [=====================>                             ]  216.1MB/502.1MB
 5c0f317cd3b8 Extracting [======================>                            ]  226.7MB/502.1MB
 5c0f317cd3b8 Extracting [======================>                            ]    229MB/502.1MB
 5c0f317cd3b8 Extracting [=======================>                           ]    234MB/502.1MB
 5c0f317cd3b8 Extracting [=======================>                           ]  237.3MB/502.1MB
 5c0f317cd3b8 Extracting [========================>                          ]  245.1MB/502.1MB
 5c0f317cd3b8 Extracting [=========================>                         ]  256.2MB/502.1MB
 5c0f317cd3b8 Extracting [==========================>                        ]  266.8MB/502.1MB
 5c0f317cd3b8 Extracting [===========================>                       ]    278MB/502.1MB
 5c0f317cd3b8 Extracting [============================>                      ]  287.4MB/502.1MB
 5c0f317cd3b8 Extracting [=============================>                     ]  299.1MB/502.1MB
 5c0f317cd3b8 Extracting [==============================>                    ]  310.3MB/502.1MB
 5c0f317cd3b8 Extracting [===============================>                   ]  320.3MB/502.1MB
 5c0f317cd3b8 Extracting [================================>                  ]  329.8MB/502.1MB
 5c0f317cd3b8 Extracting [=================================>                 ]  340.9MB/502.1MB
 5c0f317cd3b8 Extracting [===================================>               ]  351.5MB/502.1MB
 5c0f317cd3b8 Extracting [===================================>               ]  358.7MB/502.1MB
 5c0f317cd3b8 Extracting [====================================>              ]  365.4MB/502.1MB
 5c0f317cd3b8 Extracting [=====================================>             ]  373.8MB/502.1MB
 5c0f317cd3b8 Extracting [======================================>            ]  382.1MB/502.1MB
 5c0f317cd3b8 Extracting [======================================>            ]  391.1MB/502.1MB
 5c0f317cd3b8 Extracting [=======================================>           ]  401.1MB/502.1MB
 5c0f317cd3b8 Extracting [========================================>          ]  410.6MB/502.1MB
 5c0f317cd3b8 Extracting [=========================================>         ]    420MB/502.1MB
 5c0f317cd3b8 Extracting [==========================================>        ]  426.7MB/502.1MB
 5c0f317cd3b8 Extracting [===========================================>       ]  435.6MB/502.1MB
 5c0f317cd3b8 Extracting [============================================>      ]  445.1MB/502.1MB
 5c0f317cd3b8 Extracting [=============================================>     ]  454.6MB/502.1MB
 5c0f317cd3b8 Extracting [==============================================>    ]  465.1MB/502.1MB
 5c0f317cd3b8 Extracting [===============================================>   ]  476.3MB/502.1MB
 5c0f317cd3b8 Extracting [================================================>  ]  484.6MB/502.1MB
 5c0f317cd3b8 Extracting [=================================================> ]  494.7MB/502.1MB
 5c0f317cd3b8 Extracting [==================================================>]  502.1MB/502.1MB
 5c0f317cd3b8 Pull complete 
 97b84b17711a Extracting [>                                                  ]  557.1kB/91.25MB
 97b84b17711a Extracting [====>                                              ]  8.913MB/91.25MB
 97b84b17711a Extracting [========>                                          ]  16.15MB/91.25MB
 97b84b17711a Extracting [==============>                                    ]  26.18MB/91.25MB
 97b84b17711a Extracting [===================>                               ]  35.09MB/91.25MB
 97b84b17711a Extracting [====================>                              ]  36.77MB/91.25MB
 97b84b17711a Extracting [=====================>                             ]  40.11MB/91.25MB
 97b84b17711a Extracting [=======================>                           ]  42.34MB/91.25MB
 97b84b17711a Extracting [============================>                      ]  52.36MB/91.25MB
 97b84b17711a Extracting [==================================>                ]   63.5MB/91.25MB
 97b84b17711a Extracting [=========================================>         ]   75.2MB/91.25MB
 97b84b17711a Extracting [===========================================>       ]  80.22MB/91.25MB
 97b84b17711a Extracting [=============================================>     ]  82.44MB/91.25MB
 97b84b17711a Extracting [===============================================>   ]   86.9MB/91.25MB
 97b84b17711a Extracting [================================================>  ]  88.57MB/91.25MB
 97b84b17711a Extracting [=================================================> ]  89.69MB/91.25MB
 97b84b17711a Extracting [=================================================> ]  90.24MB/91.25MB
 97b84b17711a Extracting [==================================================>]  91.25MB/91.25MB
 97b84b17711a Pull complete 
 db Pulled 
 Network bursacityservicemanagement_default  Creating
 Network bursacityservicemanagement_default  Created
 Volume "bcsms_sql_data"  Creating
 Volume "bcsms_sql_data"  Created
 Container bcsms-db  Creating
 db The requested image's platform (linux/amd64) does not match the detected host platform (linux/arm64/v8) and no specific platform was requested 
 Container bcsms-db  Created
 Container bcsms-api  Creating
 Container bcsms-api  Created
 Container bcsms-web  Creating
 Container bcsms-web  Created
 Container bcsms-db  Starting
 Container bcsms-db  Started
 Container bcsms-db  Waiting
 Container bcsms-db  Healthy
 Container bcsms-api  Starting
 Container bcsms-api  Started
 Container bcsms-web  Starting
 Container bcsms-web  Started
