#0 building with "desktop-linux" instance using docker driver

#1 [api internal] load build definition from Dockerfile
#1 transferring dockerfile: 1.22kB done
#1 DONE 0.0s

#2 [api internal] load metadata for mcr.microsoft.com/dotnet/sdk:8.0
#2 ...

#3 [api internal] load metadata for mcr.microsoft.com/dotnet/aspnet:8.0
#3 DONE 0.4s

#2 [api internal] load metadata for mcr.microsoft.com/dotnet/sdk:8.0
#2 DONE 0.4s

#4 [api internal] load .dockerignore
#4 transferring context: 404B done
#4 DONE 0.0s

#5 [api build  1/10] FROM mcr.microsoft.com/dotnet/sdk:8.0@sha256:306301580fcaa5b445180e759db59309979002d1000669cb4cf58a567d0014bc
#5 DONE 0.0s

#6 [api runtime 1/3] FROM mcr.microsoft.com/dotnet/aspnet:8.0@sha256:b0beb9cc1dee1c1b0749796110d4734292071b814207ad0d4f40611f7db04f7b
#6 DONE 0.0s

#7 [api internal] load build context
#7 transferring context: 349.26kB 0.0s done
#7 DONE 0.0s

#8 [api build  6/10] COPY backend/dotnet/src/BCSMS.API/BCSMS.API.csproj backend/dotnet/src/BCSMS.API/
#8 CACHED

#9 [api build  8/10] COPY backend/dotnet/src/ backend/dotnet/src/
#9 CACHED

#10 [api build  3/10] COPY backend/dotnet/src/BCSMS.Domain/BCSMS.Domain.csproj backend/dotnet/src/BCSMS.Domain/
#10 CACHED

#11 [api build  7/10] RUN dotnet restore backend/dotnet/src/BCSMS.API/BCSMS.API.csproj
#11 CACHED

#12 [api build 10/10] RUN dotnet publish BCSMS.API.csproj -c Release -o /app/publish --no-restore
#12 CACHED

#13 [api build  9/10] WORKDIR /src/backend/dotnet/src/BCSMS.API
#13 CACHED

#14 [api build  5/10] COPY backend/dotnet/src/BCSMS.Infrastructure/BCSMS.Infrastructure.csproj backend/dotnet/src/BCSMS.Infrastructure/
#14 CACHED

#15 [api build  4/10] COPY backend/dotnet/src/BCSMS.Application/BCSMS.Application.csproj backend/dotnet/src/BCSMS.Application/
#15 CACHED

#16 [api build  2/10] WORKDIR /src
#16 CACHED

#17 [api runtime 2/3] WORKDIR /app
#17 CACHED

#18 [api runtime 3/3] COPY --from=build /app/publish .
#18 CACHED

#19 [api] exporting to image
#19 exporting layers done
#19 writing image sha256:5eafdd8ddd04406d60655b46b0816261ffb696e8cd0eb94a47a04f471739d12b done
#19 naming to docker.io/library/bursacityservicemanagement-api done
#19 DONE 0.0s

#20 [api] resolving provenance for metadata file
#20 DONE 0.0s

#21 [web internal] load build definition from Dockerfile
#21 transferring dockerfile: 816B done
#21 DONE 0.0s

#22 [web internal] load metadata for docker.io/library/node:20-alpine
#22 DONE 0.6s

#23 [web internal] load metadata for docker.io/library/nginx:1.27-alpine
#23 DONE 0.6s

#24 [web internal] load .dockerignore
#24 transferring context: 404B done
#24 DONE 0.0s

#25 [web build 1/6] FROM docker.io/library/node:20-alpine@sha256:fb4cd12c85ee03686f6af5362a0b0d56d50c58a04632e6c0fb8363f609372293
#25 DONE 0.0s

#26 [web runtime 1/3] FROM docker.io/library/nginx:1.27-alpine@sha256:65645c7bb6a0661892a8b03b89d0743208a18dd2f3f17a54ef4b76fb8e2f2a10
#26 DONE 0.0s

#27 [web internal] load build context
#27 transferring context: 343.01kB 0.1s done
#27 DONE 0.1s

#28 [web build 2/6] WORKDIR /app
#28 CACHED

#29 [web build 3/6] COPY frontend/web/package.json frontend/web/package-lock.json ./
#29 CACHED

#30 [web build 4/6] RUN npm ci
#30 CACHED

#31 [web build 5/6] COPY frontend/web/ ./
#31 DONE 0.0s

#32 [web build 6/6] RUN npm run build
#32 0.207 
#32 0.207 > bcsms-web@1.0.0 build
#32 0.207 > tsc && vite build
#32 0.207 
#32 4.639 vite v5.4.21 building for production...
#32 4.673 transforming...
#32 6.757 ✓ 1104 modules transformed.
#32 7.011 rendering chunks...
#32 7.023 computing gzip size...
#32 7.037 dist/index.html                   0.77 kB │ gzip:   0.45 kB
#32 7.037 dist/assets/index-B5q0QrFi.css    0.36 kB │ gzip:   0.27 kB
#32 7.037 dist/assets/index-C9InDjV_.js   614.76 kB │ gzip: 185.15 kB
#32 7.037 
#32 7.037 (!) Some chunks are larger than 500 kB after minification. Consider:
#32 7.037 - Using dynamic import() to code-split the application
#32 7.037 - Use build.rollupOptions.output.manualChunks to improve chunking: https://rollupjs.org/configuration-options/#output-manualchunks
#32 7.037 - Adjust chunk size limit for this warning via build.chunkSizeWarningLimit.
#32 7.037 ✓ built in 2.38s
#32 DONE 7.1s

#33 [web runtime 2/3] COPY --from=build /app/dist /usr/share/nginx/html
#33 CACHED

#34 [web runtime 3/3] COPY docker/frontend/nginx.conf /etc/nginx/conf.d/default.conf
#34 CACHED

#35 [web] exporting to image
#35 exporting layers done
#35 writing image sha256:012c774aa0c6593afbeed76f6b6f64fd3d19ae09ad4e87dc2596b80d00d20895 done
#35 naming to docker.io/library/bursacityservicemanagement-web done
#35 DONE 0.0s

#36 [web] resolving provenance for metadata file
#36 DONE 0.0s
 api  Built
 web  Built
 Container bcsms-db  Running
 Container bcsms-api  Running
 Container bcsms-web  Running
 Container bcsms-db  Waiting
 Container bcsms-db  Healthy
