#0 building with "desktop-linux" instance using docker driver

#1 [api internal] load build definition from Dockerfile
#1 transferring dockerfile: 1.22kB done
#1 DONE 0.0s

#2 [api internal] load metadata for mcr.microsoft.com/dotnet/sdk:8.0
#2 ...

#3 [api internal] load metadata for mcr.microsoft.com/dotnet/aspnet:8.0
#3 DONE 0.3s

#2 [api internal] load metadata for mcr.microsoft.com/dotnet/sdk:8.0
#2 DONE 0.3s

#4 [api internal] load .dockerignore
#4 transferring context: 404B done
#4 DONE 0.0s

#5 [api build  1/10] FROM mcr.microsoft.com/dotnet/sdk:8.0@sha256:306301580fcaa5b445180e759db59309979002d1000669cb4cf58a567d0014bc
#5 DONE 0.0s

#6 [api runtime 1/3] FROM mcr.microsoft.com/dotnet/aspnet:8.0@sha256:b0beb9cc1dee1c1b0749796110d4734292071b814207ad0d4f40611f7db04f7b
#6 DONE 0.0s

#7 [api internal] load build context
#7 transferring context: 349.37kB 0.0s done
#7 DONE 0.0s

#8 [api build  3/10] COPY backend/dotnet/src/BCSMS.Domain/BCSMS.Domain.csproj backend/dotnet/src/BCSMS.Domain/
#8 CACHED

#9 [api build  2/10] WORKDIR /src
#9 CACHED

#10 [api build  4/10] COPY backend/dotnet/src/BCSMS.Application/BCSMS.Application.csproj backend/dotnet/src/BCSMS.Application/
#10 CACHED

#11 [api build  5/10] COPY backend/dotnet/src/BCSMS.Infrastructure/BCSMS.Infrastructure.csproj backend/dotnet/src/BCSMS.Infrastructure/
#11 DONE 0.0s

#12 [api build  6/10] COPY backend/dotnet/src/BCSMS.API/BCSMS.API.csproj backend/dotnet/src/BCSMS.API/
#12 DONE 0.0s

#13 [api build  7/10] RUN dotnet restore backend/dotnet/src/BCSMS.API/BCSMS.API.csproj
#13 0.613   Determining projects to restore...
#13 1.223   Restored /src/backend/dotnet/src/BCSMS.Domain/BCSMS.Domain.csproj (in 55 ms).
#13 3.485   Restored /src/backend/dotnet/src/BCSMS.Application/BCSMS.Application.csproj (in 2.3 sec).
#13 8.373   Restored /src/backend/dotnet/src/BCSMS.Infrastructure/BCSMS.Infrastructure.csproj (in 7.06 sec).
#13 8.374   Restored /src/backend/dotnet/src/BCSMS.API/BCSMS.API.csproj (in 7.06 sec).
#13 DONE 8.6s

#14 [api build  8/10] COPY backend/dotnet/src/ backend/dotnet/src/
#14 DONE 0.0s

#15 [api build  9/10] WORKDIR /src/backend/dotnet/src/BCSMS.API
#15 DONE 0.0s

#16 [api build 10/10] RUN dotnet publish BCSMS.API.csproj -c Release -o /app/publish --no-restore
#16 2.240   BCSMS.Domain -> /src/backend/dotnet/src/BCSMS.Domain/bin/Release/net8.0/BCSMS.Domain.dll
#16 2.537   BCSMS.Application -> /src/backend/dotnet/src/BCSMS.Application/bin/Release/net8.0/BCSMS.Application.dll
#16 3.188   BCSMS.Infrastructure -> /src/backend/dotnet/src/BCSMS.Infrastructure/bin/Release/net8.0/BCSMS.Infrastructure.dll
#16 4.324   BCSMS.API -> /src/backend/dotnet/src/BCSMS.API/bin/Release/net8.0/BCSMS.API.dll
#16 4.695   BCSMS.API -> /app/publish/
#16 DONE 4.9s

#17 [api runtime 2/3] WORKDIR /app
#17 CACHED

#18 [api runtime 3/3] COPY --from=build /app/publish .
#18 DONE 0.1s

#19 [api] exporting to image
#19 exporting layers 0.1s done
#19 writing image sha256:1fb6bff0c27f816ac15f97ab39c9a8aa6cc283bf81bd9e287c6618bb603470e8 done
#19 naming to docker.io/library/bursacityservicemanagement-api done
#19 DONE 0.1s

#20 [api] resolving provenance for metadata file
#20 DONE 0.0s

#21 [web internal] load build definition from Dockerfile
#21 transferring dockerfile: 816B done
#21 DONE 0.0s

#22 [web internal] load metadata for docker.io/library/nginx:1.27-alpine
#22 ...

#23 [web internal] load metadata for docker.io/library/node:20-alpine
#23 DONE 1.2s

#22 [web internal] load metadata for docker.io/library/nginx:1.27-alpine
#22 DONE 1.2s

#24 [web internal] load .dockerignore
#24 transferring context: 404B done
#24 DONE 0.0s

#25 [web build 1/6] FROM docker.io/library/node:20-alpine@sha256:fb4cd12c85ee03686f6af5362a0b0d56d50c58a04632e6c0fb8363f609372293
#25 DONE 0.0s

#26 [web runtime 1/3] FROM docker.io/library/nginx:1.27-alpine@sha256:65645c7bb6a0661892a8b03b89d0743208a18dd2f3f17a54ef4b76fb8e2f2a10
#26 DONE 0.0s

#27 [web internal] load build context
#27 transferring context: 343.01kB 0.0s done
#27 DONE 0.0s

#28 [web build 6/6] RUN npm run build
#28 CACHED

#29 [web build 5/6] COPY frontend/web/ ./
#29 CACHED

#30 [web build 2/6] WORKDIR /app
#30 CACHED

#31 [web build 4/6] RUN npm ci
#31 CACHED

#32 [web build 3/6] COPY frontend/web/package.json frontend/web/package-lock.json ./
#32 CACHED

#33 [web runtime 2/3] COPY --from=build /app/dist /usr/share/nginx/html
#33 CACHED

#34 [web runtime 3/3] COPY docker/frontend/nginx.conf /etc/nginx/conf.d/default.conf
#34 CACHED

#35 [web] exporting to image
#35 exporting layers done
#35 writing image sha256:012c774aa0c6593afbeed76f6b6f64fd3d19ae09ad4e87dc2596b80d00d20895 done
#35 naming to docker.io/library/bursacityservicemanagement-web done
#35 DONE 0.0s

#36 [web] resolving provenance for metadata file
#36 DONE 0.0s
 api  Built
 web  Built
 db Pulling 
 5de55e5ef9c0 Pulling fs layer 
 9441768a3c04 Pulling fs layer 
 bf5ce8e8fb48 Pulling fs layer 
 cfa20b885895 Pulling fs layer 
 262f5476e213 Pulling fs layer 
 83373364c1a1 Pulling fs layer 
 e46a888c76da Pulling fs layer 
 baa69516db24 Pulling fs layer 
 e365de836bbc Pulling fs layer 
 8bc4580efc9a Pulling fs layer 
 0931630a3433 Pulling fs layer 
 baa69516db24 Waiting 
 cfa20b885895 Waiting 
 83373364c1a1 Waiting 
 262f5476e213 Waiting 
 e46a888c76da Waiting 
 8bc4580efc9a Waiting 
 0931630a3433 Waiting 
 e365de836bbc Waiting 
 9441768a3c04 Downloading [==================================================>]     969B/969B
 9441768a3c04 Verifying Checksum 
 9441768a3c04 Download complete 
 bf5ce8e8fb48 Downloading [>                                                  ]  15.79kB/852.3kB
 5de55e5ef9c0 Downloading [>                                                  ]  48.53kB/4.183MB
 bf5ce8e8fb48 Downloading [=========>                                         ]  163.2kB/852.3kB
 5de55e5ef9c0 Downloading [====>                                              ]  392.6kB/4.183MB
 bf5ce8e8fb48 Downloading [=============>                                     ]  228.8kB/852.3kB
 5de55e5ef9c0 Downloading [================>                                  ]  1.376MB/4.183MB
 bf5ce8e8fb48 Downloading [=========================================>         ]  703.9kB/852.3kB
 bf5ce8e8fb48 Verifying Checksum 
 bf5ce8e8fb48 Download complete 
 5de55e5ef9c0 Downloading [===============================================>   ]  3.981MB/4.183MB
 5de55e5ef9c0 Download complete 
 5de55e5ef9c0 Extracting [>                                                  ]  65.54kB/4.183MB
 5de55e5ef9c0 Extracting [==================================================>]  4.183MB/4.183MB
 5de55e5ef9c0 Extracting [==================================================>]  4.183MB/4.183MB
 5de55e5ef9c0 Pull complete 
 9441768a3c04 Extracting [==================================================>]     969B/969B
 9441768a3c04 Extracting [==================================================>]     969B/969B
 9441768a3c04 Pull complete 
 bf5ce8e8fb48 Extracting [=>                                                 ]  32.77kB/852.3kB
 bf5ce8e8fb48 Extracting [==================================================>]  852.3kB/852.3kB
 bf5ce8e8fb48 Pull complete 
 cfa20b885895 Downloading [==================================================>]     173B/173B
 cfa20b885895 Verifying Checksum 
 cfa20b885895 Download complete 
 cfa20b885895 Extracting [==================================================>]     173B/173B
 cfa20b885895 Extracting [==================================================>]     173B/173B
 cfa20b885895 Pull complete 
 262f5476e213 Downloading [==================================================>]     116B/116B
 262f5476e213 Verifying Checksum 
 262f5476e213 Download complete 
 262f5476e213 Extracting [==================================================>]     116B/116B
 262f5476e213 Extracting [==================================================>]     116B/116B
 262f5476e213 Pull complete 
 e46a888c76da Downloading [==================>                                ]  3.502kB/9.672kB
 e46a888c76da Downloading [==================================================>]  9.672kB/9.672kB
 e46a888c76da Verifying Checksum 
 e46a888c76da Download complete 
 83373364c1a1 Downloading [>                                                  ]  540.4kB/108.8MB
 83373364c1a1 Downloading [>                                                  ]  2.161MB/108.8MB
 83373364c1a1 Downloading [==>                                                ]  5.943MB/108.8MB
 83373364c1a1 Downloading [=====>                                             ]  11.35MB/108.8MB
 baa69516db24 Downloading [==================================================>]     129B/129B
 baa69516db24 Download complete 
 83373364c1a1 Downloading [=======>                                           ]  15.67MB/108.8MB
 83373364c1a1 Downloading [========>                                          ]  17.83MB/108.8MB
 e365de836bbc Downloading [==================================================>]     169B/169B
 e365de836bbc Verifying Checksum 
 e365de836bbc Download complete 
 83373364c1a1 Downloading [=========>                                         ]  20.53MB/108.8MB
 83373364c1a1 Downloading [==========>                                        ]  22.15MB/108.8MB
 83373364c1a1 Downloading [===========>                                       ]  24.85MB/108.8MB
 83373364c1a1 Downloading [============>                                      ]  26.47MB/108.8MB
 83373364c1a1 Downloading [=============>                                     ]  29.17MB/108.8MB
 83373364c1a1 Downloading [===============>                                   ]  32.95MB/108.8MB
 83373364c1a1 Downloading [================>                                  ]  35.12MB/108.8MB
 8bc4580efc9a Downloading [============================>                      ]  3.502kB/6.11kB
 8bc4580efc9a Downloading [==================================================>]   6.11kB/6.11kB
 8bc4580efc9a Verifying Checksum 
 8bc4580efc9a Download complete 
 83373364c1a1 Downloading [================>                                  ]  36.74MB/108.8MB
 83373364c1a1 Downloading [=================>                                 ]  37.82MB/108.8MB
 83373364c1a1 Downloading [==================>                                ]  39.98MB/108.8MB
 0931630a3433 Downloading [==================================================>]     185B/185B
 0931630a3433 Verifying Checksum 
 0931630a3433 Download complete 
 83373364c1a1 Downloading [===================>                               ]  42.14MB/108.8MB
 83373364c1a1 Downloading [===================>                               ]  42.68MB/108.8MB
 83373364c1a1 Downloading [====================>                              ]  44.84MB/108.8MB
 83373364c1a1 Downloading [=====================>                             ]  45.92MB/108.8MB
 83373364c1a1 Downloading [=====================>                             ]     47MB/108.8MB
 83373364c1a1 Downloading [======================>                            ]  48.08MB/108.8MB
 83373364c1a1 Downloading [======================>                            ]   49.7MB/108.8MB
 83373364c1a1 Downloading [=======================>                           ]  50.78MB/108.8MB
 83373364c1a1 Downloading [=======================>                           ]  51.86MB/108.8MB
 83373364c1a1 Downloading [========================>                          ]  52.94MB/108.8MB
 83373364c1a1 Downloading [=========================>                         ]  54.56MB/108.8MB
 83373364c1a1 Downloading [=========================>                         ]  55.65MB/108.8MB
 83373364c1a1 Downloading [==========================>                        ]  56.72MB/108.8MB
 83373364c1a1 Downloading [==========================>                        ]   57.8MB/108.8MB
 83373364c1a1 Downloading [===========================>                       ]  59.97MB/108.8MB
 83373364c1a1 Downloading [============================>                      ]  61.05MB/108.8MB
 83373364c1a1 Downloading [============================>                      ]  62.13MB/108.8MB
 83373364c1a1 Downloading [=============================>                     ]  63.75MB/108.8MB
 83373364c1a1 Downloading [==============================>                    ]  65.91MB/108.8MB
 83373364c1a1 Downloading [===============================>                   ]  67.53MB/108.8MB
 83373364c1a1 Downloading [===============================>                   ]  69.15MB/108.8MB
 83373364c1a1 Downloading [================================>                  ]  70.77MB/108.8MB
 83373364c1a1 Downloading [==================================>                ]  74.01MB/108.8MB
 83373364c1a1 Downloading [==================================>                ]  76.17MB/108.8MB
 83373364c1a1 Downloading [===================================>               ]  78.33MB/108.8MB
 83373364c1a1 Downloading [====================================>              ]  80.49MB/108.8MB
 83373364c1a1 Downloading [======================================>            ]  84.81MB/108.8MB
 83373364c1a1 Downloading [========================================>          ]  87.51MB/108.8MB
 83373364c1a1 Downloading [=========================================>         ]  90.21MB/108.8MB
 83373364c1a1 Downloading [=========================================>         ]  91.29MB/108.8MB
 83373364c1a1 Downloading [==========================================>        ]  92.38MB/108.8MB
 83373364c1a1 Downloading [===========================================>       ]  95.62MB/108.8MB
 83373364c1a1 Downloading [============================================>      ]  97.24MB/108.8MB
 83373364c1a1 Downloading [=============================================>     ]  98.86MB/108.8MB
 83373364c1a1 Downloading [===============================================>   ]  102.6MB/108.8MB
 83373364c1a1 Downloading [===============================================>   ]  103.7MB/108.8MB
 83373364c1a1 Downloading [================================================>  ]  104.8MB/108.8MB
 83373364c1a1 Downloading [=================================================> ]  108.6MB/108.8MB
 83373364c1a1 Verifying Checksum 
 83373364c1a1 Download complete 
 83373364c1a1 Extracting [>                                                  ]  557.1kB/108.8MB
 83373364c1a1 Extracting [===>                                               ]  7.242MB/108.8MB
 83373364c1a1 Extracting [========>                                          ]   19.5MB/108.8MB
 83373364c1a1 Extracting [==============>                                    ]  31.75MB/108.8MB
 83373364c1a1 Extracting [====================>                              ]  44.01MB/108.8MB
 83373364c1a1 Extracting [========================>                          ]  54.03MB/108.8MB
 83373364c1a1 Extracting [===========================>                       ]   59.6MB/108.8MB
 83373364c1a1 Extracting [===============================>                   ]  69.07MB/108.8MB
 83373364c1a1 Extracting [====================================>              ]  78.54MB/108.8MB
 83373364c1a1 Extracting [====================================>              ]  79.66MB/108.8MB
 83373364c1a1 Extracting [======================================>            ]  84.12MB/108.8MB
 83373364c1a1 Extracting [=========================================>         ]  90.24MB/108.8MB
 83373364c1a1 Extracting [===========================================>       ]  95.26MB/108.8MB
 83373364c1a1 Extracting [================================================>  ]  106.4MB/108.8MB
 83373364c1a1 Extracting [==================================================>]  108.8MB/108.8MB
 83373364c1a1 Pull complete 
 e46a888c76da Extracting [==================================================>]  9.672kB/9.672kB
 e46a888c76da Extracting [==================================================>]  9.672kB/9.672kB
 e46a888c76da Pull complete 
 baa69516db24 Extracting [==================================================>]     129B/129B
 baa69516db24 Extracting [==================================================>]     129B/129B
 baa69516db24 Pull complete 
 e365de836bbc Extracting [==================================================>]     169B/169B
 e365de836bbc Extracting [==================================================>]     169B/169B
 e365de836bbc Pull complete 
 8bc4580efc9a Extracting [==================================================>]   6.11kB/6.11kB
 8bc4580efc9a Extracting [==================================================>]   6.11kB/6.11kB
 8bc4580efc9a Pull complete 
 0931630a3433 Extracting [==================================================>]     185B/185B
 0931630a3433 Extracting [==================================================>]     185B/185B
 0931630a3433 Pull complete 
 db Pulled 
 Volume "bcsms_postgres_data"  Creating
 Volume "bcsms_postgres_data"  Created
 Container bcsms-api  Stopping
 Container bcsms-api  Stopped
 Container bcsms-db  Recreate
 Container bcsms-db  Recreated
 Container bcsms-web  Stopping
 Container bcsms-web  Stopped
 Container bcsms-api  Recreate
 Container bcsms-api  Recreated
 Container bcsms-web  Created
 Container bcsms-db  Starting
Error response from daemon: driver failed programming external connectivity on endpoint bcsms-db (61bc2a1d5736ffaa7430787db481e631063b391ee76788d97487c3c7c2d8e412): Bind for 0.0.0.0:5432 failed: port is already allocated
