
> bcsms-web@1.0.0 typecheck
> tsc --noEmit


> bcsms-web@1.0.0 test
> vitest --run


 RUN  v2.1.9 /Users/mervebilgin/BursaCityServiceManagement/frontend/web

 ✓ src/test/errorUtils.test.ts (4 tests) 3ms
stderr | src/test/ProtectedRoute.test.tsx > ProtectedRoute > should redirect unauthenticated user to /login
⚠️ React Router Future Flag Warning: React Router will begin wrapping state updates in `React.startTransition` in v7. You can use the `v7_startTransition` future flag to opt-in early. For more information, see https://reactrouter.com/v6/upgrading/future#v7_starttransition.
⚠️ React Router Future Flag Warning: Relative route resolution within Splat routes is changing in v7. You can use the `v7_relativeSplatPath` future flag to opt-in early. For more information, see https://reactrouter.com/v6/upgrading/future#v7_relativesplatpath.

 ✓ src/test/ProtectedRoute.test.tsx (3 tests) 44ms
 ✓ src/test/StatusChip.test.tsx (8 tests) 94ms
stderr | src/test/AssignModal.test.tsx > AssignModal > should render assignment fields when opened
MUI: `children` must be passed when using the `TextField` component with `select`.
MUI: `children` must be passed when using the `TextField` component with `select`.

 ✓ src/test/AssignModal.test.tsx (1 test) 216ms
stderr | src/test/LoginPage.test.tsx > LoginPage > should render login form with email and password fields
⚠️ React Router Future Flag Warning: React Router will begin wrapping state updates in `React.startTransition` in v7. You can use the `v7_startTransition` future flag to opt-in early. For more information, see https://reactrouter.com/v6/upgrading/future#v7_starttransition.
⚠️ React Router Future Flag Warning: Relative route resolution within Splat routes is changing in v7. You can use the `v7_relativeSplatPath` future flag to opt-in early. For more information, see https://reactrouter.com/v6/upgrading/future#v7_relativesplatpath.

stderr | src/test/RegisterPage.test.tsx > RegisterPage > should render registration fields
⚠️ React Router Future Flag Warning: React Router will begin wrapping state updates in `React.startTransition` in v7. You can use the `v7_startTransition` future flag to opt-in early. For more information, see https://reactrouter.com/v6/upgrading/future#v7_starttransition.
⚠️ React Router Future Flag Warning: Relative route resolution within Splat routes is changing in v7. You can use the `v7_relativeSplatPath` future flag to opt-in early. For more information, see https://reactrouter.com/v6/upgrading/future#v7_relativesplatpath.

 ✓ src/test/LoginPage.test.tsx (3 tests) 308ms
 ✓ src/test/RegisterPage.test.tsx (3 tests) 417ms
stderr | src/test/MainLayout.test.tsx > MainLayout with Citizen Workflow > renders fixed header, permanent sidebar navigation items, and citizen dashboard content
⚠️ React Router Future Flag Warning: React Router will begin wrapping state updates in `React.startTransition` in v7. You can use the `v7_startTransition` future flag to opt-in early. For more information, see https://reactrouter.com/v6/upgrading/future#v7_starttransition.
⚠️ React Router Future Flag Warning: Relative route resolution within Splat routes is changing in v7. You can use the `v7_relativeSplatPath` future flag to opt-in early. For more information, see https://reactrouter.com/v6/upgrading/future#v7_relativesplatpath.

 ✓ src/test/MainLayout.test.tsx (1 test) 263ms
 ✓ src/test/PriorityChip.test.tsx (5 tests) 52ms

 Test Files  8 passed (8)
      Tests  28 passed (28)
   Start at  22:28:46
   Duration  2.67s (transform 440ms, setup 890ms, collect 8.04s, tests 1.40s, environment 4.68s, prepare 605ms)


> bcsms-web@1.0.0 build
> tsc && vite build

vite v5.4.21 building for production...
transforming...
✓ 1104 modules transformed.
rendering chunks...
computing gzip size...
dist/index.html                   0.77 kB │ gzip:   0.45 kB
dist/assets/index-B5q0QrFi.css    0.36 kB │ gzip:   0.27 kB
dist/assets/index-C9InDjV_.js   614.76 kB │ gzip: 185.15 kB

(!) Some chunks are larger than 500 kB after minification. Consider:
- Using dynamic import() to code-split the application
- Use build.rollupOptions.output.manualChunks to improve chunking: https://rollupjs.org/configuration-options/#output-manualchunks
- Adjust chunk size limit for this warning via build.chunkSizeWarningLimit.
✓ built in 1.78s
