Derleniyor...
info: Microsoft.EntityFrameworkCore.Database.Command[20101]
      Executed DbCommand (5ms) [Parameters=[], CommandType='Text', CommandTimeout='30']
      SELECT COUNT(*) FROM "sqlite_master" WHERE "type" = 'table' AND "rootpage" IS NOT NULL;
info: BCSMS.Infrastructure.Persistence.Seeding.DbSeeder[0]
      Starting development seed data initialization...
info: Microsoft.EntityFrameworkCore.Database.Command[20101]
      Executed DbCommand (3ms) [Parameters=[@__dept_Id_0='?' (DbType = Guid), @__dept_Name_1='?' (Size = 10)], CommandType='Text', CommandTimeout='30']
      SELECT EXISTS (
          SELECT 1
          FROM "Departments" AS "d"
          WHERE "d"."Id" = @__dept_Id_0 OR "d"."Name" = @__dept_Name_1)
info: Microsoft.EntityFrameworkCore.Database.Command[20101]
      Executed DbCommand (0ms) [Parameters=[@__dept_Id_0='?' (DbType = Guid), @__dept_Name_1='?' (Size = 16)], CommandType='Text', CommandTimeout='30']
      SELECT EXISTS (
          SELECT 1
          FROM "Departments" AS "d"
          WHERE "d"."Id" = @__dept_Id_0 OR "d"."Name" = @__dept_Name_1)
info: Microsoft.EntityFrameworkCore.Database.Command[20101]
      Executed DbCommand (0ms) [Parameters=[@__dept_Id_0='?' (DbType = Guid), @__dept_Name_1='?' (Size = 15)], CommandType='Text', CommandTimeout='30']
      SELECT EXISTS (
          SELECT 1
          FROM "Departments" AS "d"
          WHERE "d"."Id" = @__dept_Id_0 OR "d"."Name" = @__dept_Name_1)
info: Microsoft.EntityFrameworkCore.Database.Command[20101]
      Executed DbCommand (0ms) [Parameters=[@__dept_Id_0='?' (DbType = Guid), @__dept_Name_1='?' (Size = 6)], CommandType='Text', CommandTimeout='30']
      SELECT EXISTS (
          SELECT 1
          FROM "Departments" AS "d"
          WHERE "d"."Id" = @__dept_Id_0 OR "d"."Name" = @__dept_Name_1)
info: Microsoft.EntityFrameworkCore.Database.Command[20101]
      Executed DbCommand (0ms) [Parameters=[@__cat_Id_0='?' (DbType = Guid), @__cat_Name_1='?' (Size = 17)], CommandType='Text', CommandTimeout='30']
      SELECT EXISTS (
          SELECT 1
          FROM "Categories" AS "c"
          WHERE "c"."Id" = @__cat_Id_0 OR "c"."Name" = @__cat_Name_1)
info: Microsoft.EntityFrameworkCore.Database.Command[20101]
      Executed DbCommand (0ms) [Parameters=[@__cat_Id_0='?' (DbType = Guid), @__cat_Name_1='?' (Size = 30)], CommandType='Text', CommandTimeout='30']
      SELECT EXISTS (
          SELECT 1
          FROM "Categories" AS "c"
          WHERE "c"."Id" = @__cat_Id_0 OR "c"."Name" = @__cat_Name_1)
info: Microsoft.EntityFrameworkCore.Database.Command[20101]
      Executed DbCommand (0ms) [Parameters=[@__cat_Id_0='?' (DbType = Guid), @__cat_Name_1='?' (Size = 18)], CommandType='Text', CommandTimeout='30']
      SELECT EXISTS (
          SELECT 1
          FROM "Categories" AS "c"
          WHERE "c"."Id" = @__cat_Id_0 OR "c"."Name" = @__cat_Name_1)
info: Microsoft.EntityFrameworkCore.Database.Command[20101]
      Executed DbCommand (0ms) [Parameters=[@__cat_Id_0='?' (DbType = Guid), @__cat_Name_1='?' (Size = 21)], CommandType='Text', CommandTimeout='30']
      SELECT EXISTS (
          SELECT 1
          FROM "Categories" AS "c"
          WHERE "c"."Id" = @__cat_Id_0 OR "c"."Name" = @__cat_Name_1)
info: Microsoft.EntityFrameworkCore.Database.Command[20101]
      Executed DbCommand (0ms) [Parameters=[@__user_Id_0='?' (DbType = Guid), @__user_Contact_Email_1='?' (Size = 20)], CommandType='Text', CommandTimeout='30']
      SELECT EXISTS (
          SELECT 1
          FROM "Users" AS "u"
          WHERE "u"."Id" = @__user_Id_0 OR "u"."Email" = @__user_Contact_Email_1)
info: Microsoft.EntityFrameworkCore.Database.Command[20101]
      Executed DbCommand (0ms) [Parameters=[@__user_Id_0='?' (DbType = Guid), @__user_Contact_Email_1='?' (Size = 22)], CommandType='Text', CommandTimeout='30']
      SELECT EXISTS (
          SELECT 1
          FROM "Users" AS "u"
          WHERE "u"."Id" = @__user_Id_0 OR "u"."Email" = @__user_Contact_Email_1)
info: Microsoft.EntityFrameworkCore.Database.Command[20101]
      Executed DbCommand (0ms) [Parameters=[@__user_Id_0='?' (DbType = Guid), @__user_Contact_Email_1='?' (Size = 22)], CommandType='Text', CommandTimeout='30']
      SELECT EXISTS (
          SELECT 1
          FROM "Users" AS "u"
          WHERE "u"."Id" = @__user_Id_0 OR "u"."Email" = @__user_Contact_Email_1)
info: Microsoft.EntityFrameworkCore.Database.Command[20101]
      Executed DbCommand (0ms) [Parameters=[@__user_Id_0='?' (DbType = Guid), @__user_Contact_Email_1='?' (Size = 18)], CommandType='Text', CommandTimeout='30']
      SELECT EXISTS (
          SELECT 1
          FROM "Users" AS "u"
          WHERE "u"."Id" = @__user_Id_0 OR "u"."Email" = @__user_Contact_Email_1)
info: BCSMS.Infrastructure.Persistence.Seeding.DbSeeder[0]
      Development seed data initialization completed successfully.
info: Microsoft.Hosting.Lifetime[14]
      Now listening on: http://localhost:5123
info: Microsoft.Hosting.Lifetime[0]
      Application started. Press Ctrl+C to shut down.
info: Microsoft.Hosting.Lifetime[0]
      Hosting environment: Development
info: Microsoft.Hosting.Lifetime[0]
      Content root path: /Users/mervebilgin/BursaCityServiceManagement/backend/dotnet/src/BCSMS.API
