Derleniyor...
info: Microsoft.Hosting.Lifetime[14]
      Now listening on: http://localhost:5123
info: Microsoft.Hosting.Lifetime[0]
      Application started. Press Ctrl+C to shut down.
info: Microsoft.Hosting.Lifetime[0]
      Hosting environment: Development
info: Microsoft.Hosting.Lifetime[0]
      Content root path: /Users/mervebilgin/BursaCityServiceManagement/backend/dotnet/src/BCSMS.API
warn: Microsoft.AspNetCore.HttpsPolicy.HttpsRedirectionMiddleware[3]
      Failed to determine the https port for redirect.
info: Microsoft.EntityFrameworkCore.Database.Command[20101]
      Executed DbCommand (5ms) [Parameters=[@__normalizedEmail_0='?' (Size = 26)], CommandType='Text', CommandTimeout='30']
      SELECT EXISTS (
          SELECT 1
          FROM "Users" AS "u"
          WHERE "u"."Email" = @__normalizedEmail_0)
info: Microsoft.EntityFrameworkCore.Database.Command[20101]
      Executed DbCommand (3ms) [Parameters=[@p0='?' (DbType = Guid), @p1='?' (DbType = DateTime), @p2='?' (DbType = Guid), @p3='?' (DbType = Boolean), @p4='?' (Size = 84), @p5='?' (Size = 7), @p6='?' (DbType = DateTime), @p7='?' (Size = 26), @p8='?' (Size = 10), @p9='?' (Size = 5), @p10='?' (Size = 7)], CommandType='Text', CommandTimeout='30']
      INSERT INTO "Users" ("Id", "CreatedAt", "DepartmentId", "IsActive", "PasswordHash", "Role", "UpdatedAt", "Email", "PhoneNumber", "FirstName", "LastName")
      VALUES (@p0, @p1, @p2, @p3, @p4, @p5, @p6, @p7, @p8, @p9, @p10);
info: Microsoft.EntityFrameworkCore.Database.Command[20101]
      Executed DbCommand (0ms) [Parameters=[@__normalizedEmail_0='?' (Size = 26)], CommandType='Text', CommandTimeout='30']
      SELECT "u"."Id", "u"."CreatedAt", "u"."DepartmentId", "u"."IsActive", "u"."PasswordHash", "u"."Role", "u"."UpdatedAt", "u"."Email", "u"."PhoneNumber", "u"."FirstName", "u"."LastName"
      FROM "Users" AS "u"
      WHERE "u"."Email" = @__normalizedEmail_0
      LIMIT 1
info: Microsoft.EntityFrameworkCore.Database.Command[20101]
      Executed DbCommand (0ms) [Parameters=[@__normalizedEmail_0='?' (Size = 26)], CommandType='Text', CommandTimeout='30']
      SELECT "u"."Id", "u"."CreatedAt", "u"."DepartmentId", "u"."IsActive", "u"."PasswordHash", "u"."Role", "u"."UpdatedAt", "u"."Email", "u"."PhoneNumber", "u"."FirstName", "u"."LastName"
      FROM "Users" AS "u"
      WHERE "u"."Email" = @__normalizedEmail_0
      LIMIT 1
info: Microsoft.EntityFrameworkCore.Database.Command[20101]
      Executed DbCommand (0ms) [Parameters=[@__id_0='?' (DbType = Guid)], CommandType='Text', CommandTimeout='30']
      SELECT "u"."Id", "u"."CreatedAt", "u"."DepartmentId", "u"."IsActive", "u"."PasswordHash", "u"."Role", "u"."UpdatedAt", "u"."Email", "u"."PhoneNumber", "u"."FirstName", "u"."LastName"
      FROM "Users" AS "u"
      WHERE "u"."Id" = @__id_0
      LIMIT 1
info: Microsoft.EntityFrameworkCore.Database.Command[20101]
      Executed DbCommand (0ms) [Parameters=[@__id_0='?' (DbType = Guid)], CommandType='Text', CommandTimeout='30']
      SELECT "c"."Id", "c"."CreatedAt", "c"."Description", "c"."IsActive", "c"."Name", "c"."UpdatedAt"
      FROM "Categories" AS "c"
      WHERE "c"."Id" = @__id_0
      LIMIT 1
info: Microsoft.EntityFrameworkCore.Database.Command[20101]
      Executed DbCommand (1ms) [Parameters=[@p0='?' (DbType = Guid), @p1='?' (DbType = Guid), @p2='?' (DbType = Guid), @p3='?' (DbType = Guid), @p4='?' (DbType = Guid), @p5='?' (DbType = DateTime), @p6='?' (Size = 45), @p7='?', @p8='?' (Size = 3), @p9='?' (Size = 27), @p10='?' (DbType = DateTime), @p11='?' (Size = 5), @p12='?' (DbType = Double), @p13='?' (DbType = Double)], CommandType='Text', CommandTimeout='30']
      INSERT INTO "ServiceRequests" ("Id", "AssignedDepartmentId", "AssignedEmployeeId", "CategoryId", "CitizenId", "CreatedAt", "Description", "Priority", "Status", "Title", "UpdatedAt", "AddressText", "Latitude", "Longitude")
      VALUES (@p0, @p1, @p2, @p3, @p4, @p5, @p6, @p7, @p8, @p9, @p10, @p11, @p12, @p13);
info: Microsoft.EntityFrameworkCore.Database.Command[20101]
      Executed DbCommand (0ms) [Parameters=[@__normalizedEmail_0='?' (Size = 26)], CommandType='Text', CommandTimeout='30']
      SELECT "u"."Id", "u"."CreatedAt", "u"."DepartmentId", "u"."IsActive", "u"."PasswordHash", "u"."Role", "u"."UpdatedAt", "u"."Email", "u"."PhoneNumber", "u"."FirstName", "u"."LastName"
      FROM "Users" AS "u"
      WHERE "u"."Email" = @__normalizedEmail_0
      LIMIT 1
info: Microsoft.EntityFrameworkCore.Database.Command[20101]
      Executed DbCommand (0ms) [Parameters=[@__citizenId_0='?' (DbType = Guid)], CommandType='Text', CommandTimeout='30']
      SELECT COUNT(*)
      FROM "ServiceRequests" AS "s"
      INNER JOIN "Categories" AS "c" ON "s"."CategoryId" = "c"."Id"
      WHERE "s"."CitizenId" = @__citizenId_0
info: Microsoft.EntityFrameworkCore.Database.Command[20101]
      Executed DbCommand (0ms) [Parameters=[@__citizenId_0='?' (DbType = Guid), @__p_2='?' (DbType = Int32), @__p_1='?' (DbType = Int32)], CommandType='Text', CommandTimeout='30']
      SELECT "s"."Id", "s"."Title", "s"."CategoryId", "c"."Name", "s"."Status", "s"."Priority", "s"."Latitude" IS NOT NULL AND "s"."Longitude" IS NOT NULL, "s"."Latitude", "s"."Longitude", "s"."AddressText", "s"."CreatedAt"
      FROM "ServiceRequests" AS "s"
      INNER JOIN "Categories" AS "c" ON "s"."CategoryId" = "c"."Id"
      WHERE "s"."CitizenId" = @__citizenId_0
      ORDER BY "s"."CreatedAt" DESC
      LIMIT @__p_2 OFFSET @__p_1
info: Microsoft.EntityFrameworkCore.Database.Command[20101]
      Executed DbCommand (0ms) [Parameters=[@__normalizedEmail_0='?' (Size = 26)], CommandType='Text', CommandTimeout='30']
      SELECT "u"."Id", "u"."CreatedAt", "u"."DepartmentId", "u"."IsActive", "u"."PasswordHash", "u"."Role", "u"."UpdatedAt", "u"."Email", "u"."PhoneNumber", "u"."FirstName", "u"."LastName"
      FROM "Users" AS "u"
      WHERE "u"."Email" = @__normalizedEmail_0
      LIMIT 1
warn: Microsoft.EntityFrameworkCore.Query[20504]
      Compiling a query which loads related collections for more than one collection navigation, either via 'Include' or through projection, but no 'QuerySplittingBehavior' has been configured. By default, Entity Framework will use 'QuerySplittingBehavior.SingleQuery', which can potentially result in slow query performance. See https://go.microsoft.com/fwlink/?linkid=2134277 for more information. To identify the query that's triggering this warning call 'ConfigureWarnings(w => w.Throw(RelationalEventId.MultipleCollectionIncludeWarning))'.
info: Microsoft.EntityFrameworkCore.Database.Command[20101]
      Executed DbCommand (0ms) [Parameters=[@__id_0='?' (DbType = Guid)], CommandType='Text', CommandTimeout='30']
      SELECT "t"."Id", "t"."Title", "t"."Description", "t"."CategoryId", "t"."Name", "t"."Status", "t"."Priority", "t"."c", "t"."Latitude", "t"."Longitude", "t"."AddressText", "t"."CitizenId", "t"."AssignedDepartmentId", "t"."AssignedEmployeeId", "t"."CreatedAt", "t"."UpdatedAt", "t"."Id0", "s0"."Id", "s0"."OldStatus", "s0"."NewStatus", "s0"."Note", "s0"."ChangedByUserId", "s0"."ChangedAt", "c0"."Id", "c0"."Content", "c0"."CreatedByUserId", "c0"."CreatedAt", "a"."Id", "a"."FileName", "a"."ContentType", "a"."FileSizeInBytes", "a"."StoragePath", "a"."UploadedByUserId", "a"."UploadedAt"
      FROM (
          SELECT "s"."Id", "s"."Title", "s"."Description", "s"."CategoryId", "c"."Name", "s"."Status", "s"."Priority", "s"."Latitude" IS NOT NULL AND "s"."Longitude" IS NOT NULL AS "c", "s"."Latitude", "s"."Longitude", "s"."AddressText", "s"."CitizenId", "s"."AssignedDepartmentId", "s"."AssignedEmployeeId", "s"."CreatedAt", "s"."UpdatedAt", "c"."Id" AS "Id0"
          FROM "ServiceRequests" AS "s"
          INNER JOIN "Categories" AS "c" ON "s"."CategoryId" = "c"."Id"
          WHERE "s"."Id" = @__id_0
          LIMIT 1
      ) AS "t"
      LEFT JOIN "StatusHistoryEntries" AS "s0" ON "t"."Id" = "s0"."ServiceRequestId"
      LEFT JOIN "Comments" AS "c0" ON "t"."Id" = "c0"."ServiceRequestId"
      LEFT JOIN "Attachments" AS "a" ON "t"."Id" = "a"."ServiceRequestId"
      ORDER BY "t"."Id", "t"."Id0", "s0"."ChangedAt", "s0"."Id", "c0"."CreatedAt", "c0"."Id", "a"."UploadedAt"
info: Microsoft.EntityFrameworkCore.Database.Command[20101]
      Executed DbCommand (0ms) [Parameters=[@__normalizedEmail_0='?' (Size = 25)], CommandType='Text', CommandTimeout='30']
      SELECT EXISTS (
          SELECT 1
          FROM "Users" AS "u"
          WHERE "u"."Email" = @__normalizedEmail_0)
info: Microsoft.EntityFrameworkCore.Database.Command[20101]
      Executed DbCommand (0ms) [Parameters=[@p0='?' (DbType = Guid), @p1='?' (DbType = DateTime), @p2='?' (DbType = Guid), @p3='?' (DbType = Boolean), @p4='?' (Size = 84), @p5='?' (Size = 7), @p6='?' (DbType = DateTime), @p7='?' (Size = 25), @p8='?' (Size = 10), @p9='?' (Size = 4), @p10='?' (Size = 7)], CommandType='Text', CommandTimeout='30']
      INSERT INTO "Users" ("Id", "CreatedAt", "DepartmentId", "IsActive", "PasswordHash", "Role", "UpdatedAt", "Email", "PhoneNumber", "FirstName", "LastName")
      VALUES (@p0, @p1, @p2, @p3, @p4, @p5, @p6, @p7, @p8, @p9, @p10);
info: Microsoft.EntityFrameworkCore.Database.Command[20101]
      Executed DbCommand (0ms) [Parameters=[@__normalizedEmail_0='?' (Size = 25)], CommandType='Text', CommandTimeout='30']
      SELECT "u"."Id", "u"."CreatedAt", "u"."DepartmentId", "u"."IsActive", "u"."PasswordHash", "u"."Role", "u"."UpdatedAt", "u"."Email", "u"."PhoneNumber", "u"."FirstName", "u"."LastName"
      FROM "Users" AS "u"
      WHERE "u"."Email" = @__normalizedEmail_0
      LIMIT 1
info: Microsoft.EntityFrameworkCore.Database.Command[20101]
      Executed DbCommand (0ms) [Parameters=[@__id_0='?' (DbType = Guid)], CommandType='Text', CommandTimeout='30']
      SELECT "t"."Id", "t"."Title", "t"."Description", "t"."CategoryId", "t"."Name", "t"."Status", "t"."Priority", "t"."c", "t"."Latitude", "t"."Longitude", "t"."AddressText", "t"."CitizenId", "t"."AssignedDepartmentId", "t"."AssignedEmployeeId", "t"."CreatedAt", "t"."UpdatedAt", "t"."Id0", "s0"."Id", "s0"."OldStatus", "s0"."NewStatus", "s0"."Note", "s0"."ChangedByUserId", "s0"."ChangedAt", "c0"."Id", "c0"."Content", "c0"."CreatedByUserId", "c0"."CreatedAt", "a"."Id", "a"."FileName", "a"."ContentType", "a"."FileSizeInBytes", "a"."StoragePath", "a"."UploadedByUserId", "a"."UploadedAt"
      FROM (
          SELECT "s"."Id", "s"."Title", "s"."Description", "s"."CategoryId", "c"."Name", "s"."Status", "s"."Priority", "s"."Latitude" IS NOT NULL AND "s"."Longitude" IS NOT NULL AS "c", "s"."Latitude", "s"."Longitude", "s"."AddressText", "s"."CitizenId", "s"."AssignedDepartmentId", "s"."AssignedEmployeeId", "s"."CreatedAt", "s"."UpdatedAt", "c"."Id" AS "Id0"
          FROM "ServiceRequests" AS "s"
          INNER JOIN "Categories" AS "c" ON "s"."CategoryId" = "c"."Id"
          WHERE "s"."Id" = @__id_0
          LIMIT 1
      ) AS "t"
      LEFT JOIN "StatusHistoryEntries" AS "s0" ON "t"."Id" = "s0"."ServiceRequestId"
      LEFT JOIN "Comments" AS "c0" ON "t"."Id" = "c0"."ServiceRequestId"
      LEFT JOIN "Attachments" AS "a" ON "t"."Id" = "a"."ServiceRequestId"
      ORDER BY "t"."Id", "t"."Id0", "s0"."ChangedAt", "s0"."Id", "c0"."CreatedAt", "c0"."Id", "a"."UploadedAt"
warn: BCSMS.API.Middleware.ExceptionHandlingMiddleware[0]
      Handled exception: Forbidden (403) - You do not have permission to view this service request.
info: Microsoft.EntityFrameworkCore.Database.Command[20101]
      Executed DbCommand (0ms) [Parameters=[@__normalizedEmail_0='?' (Size = 26)], CommandType='Text', CommandTimeout='30']
      SELECT "u"."Id", "u"."CreatedAt", "u"."DepartmentId", "u"."IsActive", "u"."PasswordHash", "u"."Role", "u"."UpdatedAt", "u"."Email", "u"."PhoneNumber", "u"."FirstName", "u"."LastName"
      FROM "Users" AS "u"
      WHERE "u"."Email" = @__normalizedEmail_0
      LIMIT 1
warn: BCSMS.API.Middleware.ExceptionHandlingMiddleware[0]
      Handled exception: Unauthorized (401) - Invalid email or password.
info: Microsoft.EntityFrameworkCore.Database.Command[20101]
      Executed DbCommand (0ms) [Parameters=[@__normalizedEmail_0='?' (Size = 29)], CommandType='Text', CommandTimeout='30']
      SELECT "u"."Id", "u"."CreatedAt", "u"."DepartmentId", "u"."IsActive", "u"."PasswordHash", "u"."Role", "u"."UpdatedAt", "u"."Email", "u"."PhoneNumber", "u"."FirstName", "u"."LastName"
      FROM "Users" AS "u"
      WHERE "u"."Email" = @__normalizedEmail_0
      LIMIT 1
warn: BCSMS.API.Middleware.ExceptionHandlingMiddleware[0]
      Handled exception: Unauthorized (401) - Invalid email or password.
